 
****************************************
check_design summary:
Version:     P-2019.03-SP1
Date:        Tue Oct 15 17:42:12 2019
****************************************

                   Name                                            Total
--------------------------------------------------------------------------------
Inputs/Outputs                                                      1
    Unconnected ports (LINT-28)                                     1

Nets                                                               64
    Unloaded nets (LINT-2)                                         64
--------------------------------------------------------------------------------

Warning: In design 'MulDiv', net 'net528' driven by pin 'srl_213507/Z_64' has no loads. (LINT-2)
Warning: In design 'MulDiv', net 'net527' driven by pin 'srl_213507/Z_65' has no loads. (LINT-2)
Warning: In design 'MulDiv', net 'net526' driven by pin 'srl_213507/Z_66' has no loads. (LINT-2)
Warning: In design 'MulDiv', net 'net525' driven by pin 'srl_213507/Z_67' has no loads. (LINT-2)
Warning: In design 'MulDiv', net 'net524' driven by pin 'srl_213507/Z_68' has no loads. (LINT-2)
Warning: In design 'MulDiv', net 'net523' driven by pin 'srl_213507/Z_69' has no loads. (LINT-2)
Warning: In design 'MulDiv', net 'net522' driven by pin 'srl_213507/Z_70' has no loads. (LINT-2)
Warning: In design 'MulDiv', net 'net521' driven by pin 'srl_213507/Z_71' has no loads. (LINT-2)
Warning: In design 'MulDiv', net 'net520' driven by pin 'srl_213507/Z_72' has no loads. (LINT-2)
Warning: In design 'MulDiv', net 'net519' driven by pin 'srl_213507/Z_73' has no loads. (LINT-2)
Warning: In design 'MulDiv', net 'net518' driven by pin 'srl_213507/Z_74' has no loads. (LINT-2)
Warning: In design 'MulDiv', net 'net517' driven by pin 'srl_213507/Z_75' has no loads. (LINT-2)
Warning: In design 'MulDiv', net 'net516' driven by pin 'srl_213507/Z_76' has no loads. (LINT-2)
Warning: In design 'MulDiv', net 'net515' driven by pin 'srl_213507/Z_77' has no loads. (LINT-2)
Warning: In design 'MulDiv', net 'net514' driven by pin 'srl_213507/Z_78' has no loads. (LINT-2)
Warning: In design 'MulDiv', net 'net513' driven by pin 'srl_213507/Z_79' has no loads. (LINT-2)
Warning: In design 'MulDiv', net 'net512' driven by pin 'srl_213507/Z_80' has no loads. (LINT-2)
Warning: In design 'MulDiv', net 'net511' driven by pin 'srl_213507/Z_81' has no loads. (LINT-2)
Warning: In design 'MulDiv', net 'net510' driven by pin 'srl_213507/Z_82' has no loads. (LINT-2)
Warning: In design 'MulDiv', net 'net509' driven by pin 'srl_213507/Z_83' has no loads. (LINT-2)
Warning: In design 'MulDiv', net 'net508' driven by pin 'srl_213507/Z_84' has no loads. (LINT-2)
Warning: In design 'MulDiv', net 'net507' driven by pin 'srl_213507/Z_85' has no loads. (LINT-2)
Warning: In design 'MulDiv', net 'net506' driven by pin 'srl_213507/Z_86' has no loads. (LINT-2)
Warning: In design 'MulDiv', net 'net505' driven by pin 'srl_213507/Z_87' has no loads. (LINT-2)
Warning: In design 'MulDiv', net 'net504' driven by pin 'srl_213507/Z_88' has no loads. (LINT-2)
Warning: In design 'MulDiv', net 'net503' driven by pin 'srl_213507/Z_89' has no loads. (LINT-2)
Warning: In design 'MulDiv', net 'net502' driven by pin 'srl_213507/Z_90' has no loads. (LINT-2)
Warning: In design 'MulDiv', net 'net501' driven by pin 'srl_213507/Z_91' has no loads. (LINT-2)
Warning: In design 'MulDiv', net 'net500' driven by pin 'srl_213507/Z_92' has no loads. (LINT-2)
Warning: In design 'MulDiv', net 'net499' driven by pin 'srl_213507/Z_93' has no loads. (LINT-2)
Warning: In design 'MulDiv', net 'net498' driven by pin 'srl_213507/Z_94' has no loads. (LINT-2)
Warning: In design 'MulDiv', net 'net497' driven by pin 'srl_213507/Z_95' has no loads. (LINT-2)
Warning: In design 'MulDiv', net 'net496' driven by pin 'srl_213507/Z_96' has no loads. (LINT-2)
Warning: In design 'MulDiv', net 'net495' driven by pin 'srl_213507/Z_97' has no loads. (LINT-2)
Warning: In design 'MulDiv', net 'net494' driven by pin 'srl_213507/Z_98' has no loads. (LINT-2)
Warning: In design 'MulDiv', net 'net493' driven by pin 'srl_213507/Z_99' has no loads. (LINT-2)
Warning: In design 'MulDiv', net 'net492' driven by pin 'srl_213507/Z_100' has no loads. (LINT-2)
Warning: In design 'MulDiv', net 'net491' driven by pin 'srl_213507/Z_101' has no loads. (LINT-2)
Warning: In design 'MulDiv', net 'net490' driven by pin 'srl_213507/Z_102' has no loads. (LINT-2)
Warning: In design 'MulDiv', net 'net489' driven by pin 'srl_213507/Z_103' has no loads. (LINT-2)
Warning: In design 'MulDiv', net 'net488' driven by pin 'srl_213507/Z_104' has no loads. (LINT-2)
Warning: In design 'MulDiv', net 'net487' driven by pin 'srl_213507/Z_105' has no loads. (LINT-2)
Warning: In design 'MulDiv', net 'net486' driven by pin 'srl_213507/Z_106' has no loads. (LINT-2)
Warning: In design 'MulDiv', net 'net485' driven by pin 'srl_213507/Z_107' has no loads. (LINT-2)
Warning: In design 'MulDiv', net 'net484' driven by pin 'srl_213507/Z_108' has no loads. (LINT-2)
Warning: In design 'MulDiv', net 'net483' driven by pin 'srl_213507/Z_109' has no loads. (LINT-2)
Warning: In design 'MulDiv', net 'net482' driven by pin 'srl_213507/Z_110' has no loads. (LINT-2)
Warning: In design 'MulDiv', net 'net481' driven by pin 'srl_213507/Z_111' has no loads. (LINT-2)
Warning: In design 'MulDiv', net 'net480' driven by pin 'srl_213507/Z_112' has no loads. (LINT-2)
Warning: In design 'MulDiv', net 'net479' driven by pin 'srl_213507/Z_113' has no loads. (LINT-2)
Warning: In design 'MulDiv', net 'net478' driven by pin 'srl_213507/Z_114' has no loads. (LINT-2)
Warning: In design 'MulDiv', net 'net477' driven by pin 'srl_213507/Z_115' has no loads. (LINT-2)
Warning: In design 'MulDiv', net 'net476' driven by pin 'srl_213507/Z_116' has no loads. (LINT-2)
Warning: In design 'MulDiv', net 'net475' driven by pin 'srl_213507/Z_117' has no loads. (LINT-2)
Warning: In design 'MulDiv', net 'net474' driven by pin 'srl_213507/Z_118' has no loads. (LINT-2)
Warning: In design 'MulDiv', net 'net473' driven by pin 'srl_213507/Z_119' has no loads. (LINT-2)
Warning: In design 'MulDiv', net 'net472' driven by pin 'srl_213507/Z_120' has no loads. (LINT-2)
Warning: In design 'MulDiv', net 'net471' driven by pin 'srl_213507/Z_121' has no loads. (LINT-2)
Warning: In design 'MulDiv', net 'net470' driven by pin 'srl_213507/Z_122' has no loads. (LINT-2)
Warning: In design 'MulDiv', net 'net469' driven by pin 'srl_213507/Z_123' has no loads. (LINT-2)
Warning: In design 'MulDiv', net 'net468' driven by pin 'srl_213507/Z_124' has no loads. (LINT-2)
Warning: In design 'MulDiv', net 'net467' driven by pin 'srl_213507/Z_125' has no loads. (LINT-2)
Warning: In design 'MulDiv', net 'net466' driven by pin 'srl_213507/Z_126' has no loads. (LINT-2)
Warning: In design 'MulDiv', net 'net465' driven by pin 'sra_213494/Z_64' has no loads. (LINT-2)
Warning: In design 'MulDiv', port 'io_req_bits_fn[3]' is not connected to any nets. (LINT-28)
1
