 Info: Initializing timer in CLOCK_SYN_REPORT_MODE
Information: RDE mode is turned on. (TIM-124)
Warning: Libraries do not have CCS noise model for accurate waveform analysis in advanced waveform propagation mode. (TIM-207)
Information: Corner mode_norm.fast.RCmin: no PVT mismatches. (PVT-032)
Information: Corner mode_norm.fast.RCmin_bc: no PVT mismatches. (PVT-032)
Information: Corner mode_norm.worst_low.RCmax: no PVT mismatches. (PVT-032)
Information: Corner mode_norm.slow.RCmax: no PVT mismatches. (PVT-032)
Information: Corner mode_norm.worst_low.RCmax_bc: no PVT mismatches. (PVT-032)
Information: Corner mode_norm.slow.RCmax_bc: no PVT mismatches. (PVT-032)
Information: The stitching and editing of coupling caps is turned ON for design 'CORTEXM0DS:CORTEXM0DS/chip_finish.design'. (TIM-125)
Information: Design CORTEXM0DS has 9497 nets, 0 global routed, 9449 detail routed. (NEX-024)
Begin building search trees for block CORTEXM0DS:CORTEXM0DS/chip_finish.design
Done building search trees for block CORTEXM0DS:CORTEXM0DS/chip_finish.design (time 0s)
Information: The RC mode used is DR for design 'CORTEXM0DS'. (NEX-022)
---extraction options---
Corner: mode_norm.slow.RCmax
 late_cap_scale                : 1
 late_res_scale                : 1
 late_ccap_scale               : 1
 late_rde_cap_scale            : 1
 late_rde_res_scale            : 1
 early_cap_scale               : 1
 early_res_scale               : 1
 early_ccap_scale              : 1
 early_rde_cap_scale           : 1
 early_rde_res_scale           : 1
Corner: mode_norm.slow.RCmax_bc
 late_cap_scale                : 1
 late_res_scale                : 1
 late_ccap_scale               : 1
 late_rde_cap_scale            : 1
 late_rde_res_scale            : 1
 early_cap_scale               : 1
 early_res_scale               : 1
 early_ccap_scale              : 1
 early_rde_cap_scale           : 1
 early_rde_res_scale           : 1
Corner: mode_norm.worst_low.RCmax
 late_cap_scale                : 1
 late_res_scale                : 1
 late_ccap_scale               : 1
 late_rde_cap_scale            : 1
 late_rde_res_scale            : 1
 early_cap_scale               : 1
 early_res_scale               : 1
 early_ccap_scale              : 1
 early_rde_cap_scale           : 1
 early_rde_res_scale           : 1
Corner: mode_norm.worst_low.RCmax_bc
 late_cap_scale                : 1
 late_res_scale                : 1
 late_ccap_scale               : 1
 late_rde_cap_scale            : 1
 late_rde_res_scale            : 1
 early_cap_scale               : 1
 early_res_scale               : 1
 early_ccap_scale              : 1
 early_rde_cap_scale           : 1
 early_rde_res_scale           : 1
Corner: mode_norm.fast.RCmin
 late_cap_scale                : 1
 late_res_scale                : 1
 late_ccap_scale               : 1
 late_rde_cap_scale            : 1
 late_rde_res_scale            : 1
 early_cap_scale               : 1
 early_res_scale               : 1
 early_ccap_scale              : 1
 early_rde_cap_scale           : 1
 early_rde_res_scale           : 1
Corner: mode_norm.fast.RCmin_bc
 late_cap_scale                : 1
 late_res_scale                : 1
 late_ccap_scale               : 1
 late_rde_cap_scale            : 1
 late_rde_res_scale            : 1
 early_cap_scale               : 1
 early_res_scale               : 1
 early_ccap_scale              : 1
 early_rde_cap_scale           : 1
 early_rde_res_scale           : 1
Global options:
 late_ccap_threshold       : 31fF
 late_ccap_ratio           : 0.03
 reference_direction       : use_from_tluplus
 real_metalfill_extraction : none
 virtual_shield_extraction : true
---app options---
 host.max_cores                   : 8
 extract.connect_open           : true
 extract.incremental_extraction : true
 extract.enable_coupling_cap    : true
Extracting design: CORTEXM0DS 
Information: coupling capacitance is created explicitly. (NEX-029)
Information: 9495 nets are successfully extracted. (NEX-028)
Information: Update timing completed net estimation for all the timing graph nets (TIM-111)
Information: Net estimation statistics: timing graph nets = 9495, routed nets = 9495, across physical hierarchy nets = 0, parasitics cached nets = 9495, delay annotated nets = 0, parasitics annotated nets = 0, multi-voltage nets = 0. (TIM-112)
Information: Update timing is using PrimeTime delay calculation. (TIM-201)
************************************************************
Timer Settings:
Delay Calculation Style:                   primetime
Signal Integrity Analysis:                 enabled
Timing Window Analysis:                    enabled
Advanced Waveform Propagation:             full_design
Variation Type:                            fixed_derate
Clock Reconvergence Pessimism Removal:     enabled
Advanced Receiver Model:                   enabled
************************************************************
Warning: The scenario mode_norm.fast.RCmin has max transition DRC fixing disabled using the set_scenario_status command.  High DRC count may be expected.
Warning: The scenario mode_norm.fast.RCmin has max capacitance DRC fixing disabled using the set_scenario_status command.  High DRC count may be expected.
****************************************
Report : clock qor
        -type summary
        -nosplit
Design : CORTEXM0DS
Version: P-2019.03-SP1
Date   : Thu Sep 26 23:35:07 2019
****************************************

Attributes
===========
M Master Clock
G Generated Clock
& Internal Generated Clock
U User Defined Skew Group
D Default Skew Group
* Generated Clock Balanced Separately

===========================================================
==== Summary Reporting for Corner mode_norm.fast.RCmin ====
===========================================================

========================================== Summary Table for Corner mode_norm.fast.RCmin ===========================================
Clock /                               Attrs     Sinks Levels    Clock     Clock     Clock       Max    Global  Trans DRC  Cap DRC
Skew Group                                                   Repeater  Repeater   Stdcell   Latency      Skew     Count     Count
                                                                Count      Area      Area
------------------------------------------------------------------------------------------------------------------------------------
### Mode: mode_norm.fast.RCmin, Scenario: mode_norm.fast.RCmin
HCLK                                    M,D       841     19      264     90.14    120.23      0.00      0.00         0         0
------------------------------------------------------------------------------------------------------------------------------------
All Clocks                                        841     19      264     90.14    120.23      0.00      0.00         0         0


Warning: The scenario mode_norm.fast.RCmin_bc has max transition DRC fixing disabled using the set_scenario_status command.  High DRC count may be expected.
Warning: The scenario mode_norm.fast.RCmin_bc has max capacitance DRC fixing disabled using the set_scenario_status command.  High DRC count may be expected.
==============================================================
==== Summary Reporting for Corner mode_norm.fast.RCmin_bc ====
==============================================================

========================================= Summary Table for Corner mode_norm.fast.RCmin_bc =========================================
Clock /                               Attrs     Sinks Levels    Clock     Clock     Clock       Max    Global  Trans DRC  Cap DRC
Skew Group                                                   Repeater  Repeater   Stdcell   Latency      Skew     Count     Count
                                                                Count      Area      Area
------------------------------------------------------------------------------------------------------------------------------------
### Mode: mode_norm.fast.RCmin_bc, Scenario: mode_norm.fast.RCmin_bc
HCLK                                    M,D       841     19      264     90.14    120.23     73.97     34.56         0         0
------------------------------------------------------------------------------------------------------------------------------------
All Clocks                                        841     19      264     90.14    120.23     73.97     34.56         0         0


===========================================================
==== Summary Reporting for Corner mode_norm.slow.RCmax ====
===========================================================

========================================== Summary Table for Corner mode_norm.slow.RCmax ===========================================
Clock /                               Attrs     Sinks Levels    Clock     Clock     Clock       Max    Global  Trans DRC  Cap DRC
Skew Group                                                   Repeater  Repeater   Stdcell   Latency      Skew     Count     Count
                                                                Count      Area      Area
------------------------------------------------------------------------------------------------------------------------------------
### Mode: mode_norm.slow.RCmax, Scenario: mode_norm.slow.RCmax
HCLK                                    M,D       841     19      264     90.14    120.23     77.48     36.39         5         0
------------------------------------------------------------------------------------------------------------------------------------
All Clocks                                        841     19      264     90.14    120.23     77.48     36.39         5         0


================================================================
==== Summary Reporting for Corner mode_norm.worst_low.RCmax ====
================================================================

======================================== Summary Table for Corner mode_norm.worst_low.RCmax ========================================
Clock /                               Attrs     Sinks Levels    Clock     Clock     Clock       Max    Global  Trans DRC  Cap DRC
Skew Group                                                   Repeater  Repeater   Stdcell   Latency      Skew     Count     Count
                                                                Count      Area      Area
------------------------------------------------------------------------------------------------------------------------------------
### Mode: mode_norm.worst_low.RCmax, Scenario: mode_norm.worst_low.RCmax
HCLK                                    M,D       841     19      264     90.14    120.23     96.53     45.99         7         0
------------------------------------------------------------------------------------------------------------------------------------
All Clocks                                        841     19      264     90.14    120.23     96.53     45.99         7         0


1
