 
****************************************
Report : Scan configuration
Design : CORTEXM0DS
Version: P-2019.03-SP1
Date   : Thu Sep 26 23:23:54 2019
****************************************

========================================
TEST MODE: all_dft
VIEW     : Specification
========================================
Chain count:                           1
Scan Style:                            Multiplexed flip-flop
Maximum scan chain length:             Undefined
Exact scan chain length:               Undefined
Physical Partitioning:                 Horizontal
Replace:                               True
Preserve multibit segments:            False
Clock mixing:                          Mix clocks
Internal clocks:                       none
Retiming Flops:                        none
Add lockup:                            True
Lockup type:                           latch
Insert terminal lockup:                False
Create dedicated scan out ports:       False
Shared scan in:                        0
Bidirectional mode:                    No bidirectional type
Internal Clock Mixing:                 False
Test Clocks by System Clocks:          False
Hierarchical Isolation:                False
Multiple Scan Enable:                  Disable
Pipeline Scan Enable:                  Disable
Voltage Mixing:                        False
Identify Shift Register:               False
Power Domain Mixing:                   False
Reuse MV Isolation Cells:              True
Multi LSSD:                            Disable

1
