 
****************************************
check_design summary:
Version:     P-2019.03-SP1
Date:        Thu Sep 26 23:22:07 2019
****************************************

                   Name                                            Total
--------------------------------------------------------------------------------
Inputs/Outputs                                                     12
    Shorted outputs (LINT-31)                                       5
    Constant outputs (LINT-52)                                      7

Nets                                                              556
    Unloaded nets (LINT-2)                                        556
--------------------------------------------------------------------------------

Warning: In design 'CORTEXM0DS', net 'cm0_primask[0]' driven by pin 'u_logic/vis_primask_o' has no loads. (LINT-2)
Warning: In design 'CORTEXM0DS', net 'cm0_control[1]' driven by pin 'u_logic/vis_control_o' has no loads. (LINT-2)
Warning: In design 'CORTEXM0DS', net 'cm0_xpsr[24]' driven by pin 'u_logic/vis_tbit_o' has no loads. (LINT-2)
Warning: In design 'CORTEXM0DS', net 'vis_ipsr[0]' driven by pin 'u_logic/vis_ipsr_o[0]' has no loads. (LINT-2)
Warning: In design 'CORTEXM0DS', net 'vis_ipsr[1]' driven by pin 'u_logic/vis_ipsr_o[1]' has no loads. (LINT-2)
Warning: In design 'CORTEXM0DS', net 'vis_ipsr[2]' driven by pin 'u_logic/vis_ipsr_o[2]' has no loads. (LINT-2)
Warning: In design 'CORTEXM0DS', net 'vis_ipsr[3]' driven by pin 'u_logic/vis_ipsr_o[3]' has no loads. (LINT-2)
Warning: In design 'CORTEXM0DS', net 'vis_ipsr[4]' driven by pin 'u_logic/vis_ipsr_o[4]' has no loads. (LINT-2)
Warning: In design 'CORTEXM0DS', net 'vis_ipsr[5]' driven by pin 'u_logic/vis_ipsr_o[5]' has no loads. (LINT-2)
Warning: In design 'CORTEXM0DS', net 'vis_apsr[0]' driven by pin 'u_logic/vis_apsr_o[0]' has no loads. (LINT-2)
Warning: In design 'CORTEXM0DS', net 'vis_apsr[1]' driven by pin 'u_logic/vis_apsr_o[1]' has no loads. (LINT-2)
Warning: In design 'CORTEXM0DS', net 'vis_apsr[2]' driven by pin 'u_logic/vis_apsr_o[2]' has no loads. (LINT-2)
Warning: In design 'CORTEXM0DS', net 'vis_apsr[3]' driven by pin 'u_logic/vis_apsr_o[3]' has no loads. (LINT-2)
Warning: In design 'CORTEXM0DS', net 'vis_pc[0]' driven by pin 'u_logic/vis_pc_o[0]' has no loads. (LINT-2)
Warning: In design 'CORTEXM0DS', net 'vis_pc[1]' driven by pin 'u_logic/vis_pc_o[1]' has no loads. (LINT-2)
Warning: In design 'CORTEXM0DS', net 'vis_pc[2]' driven by pin 'u_logic/vis_pc_o[2]' has no loads. (LINT-2)
Warning: In design 'CORTEXM0DS', net 'vis_pc[3]' driven by pin 'u_logic/vis_pc_o[3]' has no loads. (LINT-2)
Warning: In design 'CORTEXM0DS', net 'vis_pc[4]' driven by pin 'u_logic/vis_pc_o[4]' has no loads. (LINT-2)
Warning: In design 'CORTEXM0DS', net 'vis_pc[5]' driven by pin 'u_logic/vis_pc_o[5]' has no loads. (LINT-2)
Warning: In design 'CORTEXM0DS', net 'vis_pc[6]' driven by pin 'u_logic/vis_pc_o[6]' has no loads. (LINT-2)
Warning: In design 'CORTEXM0DS', net 'vis_pc[7]' driven by pin 'u_logic/vis_pc_o[7]' has no loads. (LINT-2)
Warning: In design 'CORTEXM0DS', net 'vis_pc[8]' driven by pin 'u_logic/vis_pc_o[8]' has no loads. (LINT-2)
Warning: In design 'CORTEXM0DS', net 'vis_pc[9]' driven by pin 'u_logic/vis_pc_o[9]' has no loads. (LINT-2)
Warning: In design 'CORTEXM0DS', net 'vis_pc[10]' driven by pin 'u_logic/vis_pc_o[10]' has no loads. (LINT-2)
Warning: In design 'CORTEXM0DS', net 'vis_pc[11]' driven by pin 'u_logic/vis_pc_o[11]' has no loads. (LINT-2)
Warning: In design 'CORTEXM0DS', net 'vis_pc[12]' driven by pin 'u_logic/vis_pc_o[12]' has no loads. (LINT-2)
Warning: In design 'CORTEXM0DS', net 'vis_pc[13]' driven by pin 'u_logic/vis_pc_o[13]' has no loads. (LINT-2)
Warning: In design 'CORTEXM0DS', net 'vis_pc[14]' driven by pin 'u_logic/vis_pc_o[14]' has no loads. (LINT-2)
Warning: In design 'CORTEXM0DS', net 'vis_pc[15]' driven by pin 'u_logic/vis_pc_o[15]' has no loads. (LINT-2)
Warning: In design 'CORTEXM0DS', net 'vis_pc[16]' driven by pin 'u_logic/vis_pc_o[16]' has no loads. (LINT-2)
Warning: In design 'CORTEXM0DS', net 'vis_pc[17]' driven by pin 'u_logic/vis_pc_o[17]' has no loads. (LINT-2)
Warning: In design 'CORTEXM0DS', net 'vis_pc[18]' driven by pin 'u_logic/vis_pc_o[18]' has no loads. (LINT-2)
Warning: In design 'CORTEXM0DS', net 'vis_pc[19]' driven by pin 'u_logic/vis_pc_o[19]' has no loads. (LINT-2)
Warning: In design 'CORTEXM0DS', net 'vis_pc[20]' driven by pin 'u_logic/vis_pc_o[20]' has no loads. (LINT-2)
Warning: In design 'CORTEXM0DS', net 'vis_pc[21]' driven by pin 'u_logic/vis_pc_o[21]' has no loads. (LINT-2)
Warning: In design 'CORTEXM0DS', net 'vis_pc[22]' driven by pin 'u_logic/vis_pc_o[22]' has no loads. (LINT-2)
Warning: In design 'CORTEXM0DS', net 'vis_pc[23]' driven by pin 'u_logic/vis_pc_o[23]' has no loads. (LINT-2)
Warning: In design 'CORTEXM0DS', net 'vis_pc[24]' driven by pin 'u_logic/vis_pc_o[24]' has no loads. (LINT-2)
Warning: In design 'CORTEXM0DS', net 'vis_pc[25]' driven by pin 'u_logic/vis_pc_o[25]' has no loads. (LINT-2)
Warning: In design 'CORTEXM0DS', net 'vis_pc[26]' driven by pin 'u_logic/vis_pc_o[26]' has no loads. (LINT-2)
Warning: In design 'CORTEXM0DS', net 'vis_pc[27]' driven by pin 'u_logic/vis_pc_o[27]' has no loads. (LINT-2)
Warning: In design 'CORTEXM0DS', net 'vis_pc[28]' driven by pin 'u_logic/vis_pc_o[28]' has no loads. (LINT-2)
Warning: In design 'CORTEXM0DS', net 'vis_pc[29]' driven by pin 'u_logic/vis_pc_o[29]' has no loads. (LINT-2)
Warning: In design 'CORTEXM0DS', net 'vis_pc[30]' driven by pin 'u_logic/vis_pc_o[30]' has no loads. (LINT-2)
Warning: In design 'CORTEXM0DS', net 'cm0_r14[0]' driven by pin 'u_logic/vis_r14_o[0]' has no loads. (LINT-2)
Warning: In design 'CORTEXM0DS', net 'cm0_r14[1]' driven by pin 'u_logic/vis_r14_o[1]' has no loads. (LINT-2)
Warning: In design 'CORTEXM0DS', net 'cm0_r14[2]' driven by pin 'u_logic/vis_r14_o[2]' has no loads. (LINT-2)
Warning: In design 'CORTEXM0DS', net 'cm0_r14[3]' driven by pin 'u_logic/vis_r14_o[3]' has no loads. (LINT-2)
Warning: In design 'CORTEXM0DS', net 'cm0_r14[4]' driven by pin 'u_logic/vis_r14_o[4]' has no loads. (LINT-2)
Warning: In design 'CORTEXM0DS', net 'cm0_r14[5]' driven by pin 'u_logic/vis_r14_o[5]' has no loads. (LINT-2)
Warning: In design 'CORTEXM0DS', net 'cm0_r14[6]' driven by pin 'u_logic/vis_r14_o[6]' has no loads. (LINT-2)
Warning: In design 'CORTEXM0DS', net 'cm0_r14[7]' driven by pin 'u_logic/vis_r14_o[7]' has no loads. (LINT-2)
Warning: In design 'CORTEXM0DS', net 'cm0_r14[8]' driven by pin 'u_logic/vis_r14_o[8]' has no loads. (LINT-2)
Warning: In design 'CORTEXM0DS', net 'cm0_r14[9]' driven by pin 'u_logic/vis_r14_o[9]' has no loads. (LINT-2)
Warning: In design 'CORTEXM0DS', net 'cm0_r14[10]' driven by pin 'u_logic/vis_r14_o[10]' has no loads. (LINT-2)
Warning: In design 'CORTEXM0DS', net 'cm0_r14[11]' driven by pin 'u_logic/vis_r14_o[11]' has no loads. (LINT-2)
Warning: In design 'CORTEXM0DS', net 'cm0_r14[12]' driven by pin 'u_logic/vis_r14_o[12]' has no loads. (LINT-2)
Warning: In design 'CORTEXM0DS', net 'cm0_r14[13]' driven by pin 'u_logic/vis_r14_o[13]' has no loads. (LINT-2)
Warning: In design 'CORTEXM0DS', net 'cm0_r14[14]' driven by pin 'u_logic/vis_r14_o[14]' has no loads. (LINT-2)
Warning: In design 'CORTEXM0DS', net 'cm0_r14[15]' driven by pin 'u_logic/vis_r14_o[15]' has no loads. (LINT-2)
Warning: In design 'CORTEXM0DS', net 'cm0_r14[16]' driven by pin 'u_logic/vis_r14_o[16]' has no loads. (LINT-2)
Warning: In design 'CORTEXM0DS', net 'cm0_r14[17]' driven by pin 'u_logic/vis_r14_o[17]' has no loads. (LINT-2)
Warning: In design 'CORTEXM0DS', net 'cm0_r14[18]' driven by pin 'u_logic/vis_r14_o[18]' has no loads. (LINT-2)
Warning: In design 'CORTEXM0DS', net 'cm0_r14[19]' driven by pin 'u_logic/vis_r14_o[19]' has no loads. (LINT-2)
Warning: In design 'CORTEXM0DS', net 'cm0_r14[20]' driven by pin 'u_logic/vis_r14_o[20]' has no loads. (LINT-2)
Warning: In design 'CORTEXM0DS', net 'cm0_r14[21]' driven by pin 'u_logic/vis_r14_o[21]' has no loads. (LINT-2)
Warning: In design 'CORTEXM0DS', net 'cm0_r14[22]' driven by pin 'u_logic/vis_r14_o[22]' has no loads. (LINT-2)
Warning: In design 'CORTEXM0DS', net 'cm0_r14[23]' driven by pin 'u_logic/vis_r14_o[23]' has no loads. (LINT-2)
Warning: In design 'CORTEXM0DS', net 'cm0_r14[24]' driven by pin 'u_logic/vis_r14_o[24]' has no loads. (LINT-2)
Warning: In design 'CORTEXM0DS', net 'cm0_r14[25]' driven by pin 'u_logic/vis_r14_o[25]' has no loads. (LINT-2)
Warning: In design 'CORTEXM0DS', net 'cm0_r14[26]' driven by pin 'u_logic/vis_r14_o[26]' has no loads. (LINT-2)
Warning: In design 'CORTEXM0DS', net 'cm0_r14[27]' driven by pin 'u_logic/vis_r14_o[27]' has no loads. (LINT-2)
Warning: In design 'CORTEXM0DS', net 'cm0_r14[28]' driven by pin 'u_logic/vis_r14_o[28]' has no loads. (LINT-2)
Warning: In design 'CORTEXM0DS', net 'cm0_r14[29]' driven by pin 'u_logic/vis_r14_o[29]' has no loads. (LINT-2)
Warning: In design 'CORTEXM0DS', net 'cm0_r14[30]' driven by pin 'u_logic/vis_r14_o[30]' has no loads. (LINT-2)
Warning: In design 'CORTEXM0DS', net 'cm0_r14[31]' driven by pin 'u_logic/vis_r14_o[31]' has no loads. (LINT-2)
Warning: In design 'CORTEXM0DS', net 'vis_psp[0]' driven by pin 'u_logic/vis_psp_o[0]' has no loads. (LINT-2)
Warning: In design 'CORTEXM0DS', net 'vis_psp[1]' driven by pin 'u_logic/vis_psp_o[1]' has no loads. (LINT-2)
Warning: In design 'CORTEXM0DS', net 'vis_psp[2]' driven by pin 'u_logic/vis_psp_o[2]' has no loads. (LINT-2)
Warning: In design 'CORTEXM0DS', net 'vis_psp[3]' driven by pin 'u_logic/vis_psp_o[3]' has no loads. (LINT-2)
Warning: In design 'CORTEXM0DS', net 'vis_psp[4]' driven by pin 'u_logic/vis_psp_o[4]' has no loads. (LINT-2)
Warning: In design 'CORTEXM0DS', net 'vis_psp[5]' driven by pin 'u_logic/vis_psp_o[5]' has no loads. (LINT-2)
Warning: In design 'CORTEXM0DS', net 'vis_psp[6]' driven by pin 'u_logic/vis_psp_o[6]' has no loads. (LINT-2)
Warning: In design 'CORTEXM0DS', net 'vis_psp[7]' driven by pin 'u_logic/vis_psp_o[7]' has no loads. (LINT-2)
Warning: In design 'CORTEXM0DS', net 'vis_psp[8]' driven by pin 'u_logic/vis_psp_o[8]' has no loads. (LINT-2)
Warning: In design 'CORTEXM0DS', net 'vis_psp[9]' driven by pin 'u_logic/vis_psp_o[9]' has no loads. (LINT-2)
Warning: In design 'CORTEXM0DS', net 'vis_psp[10]' driven by pin 'u_logic/vis_psp_o[10]' has no loads. (LINT-2)
Warning: In design 'CORTEXM0DS', net 'vis_psp[11]' driven by pin 'u_logic/vis_psp_o[11]' has no loads. (LINT-2)
Warning: In design 'CORTEXM0DS', net 'vis_psp[12]' driven by pin 'u_logic/vis_psp_o[12]' has no loads. (LINT-2)
Warning: In design 'CORTEXM0DS', net 'vis_psp[13]' driven by pin 'u_logic/vis_psp_o[13]' has no loads. (LINT-2)
Warning: In design 'CORTEXM0DS', net 'vis_psp[14]' driven by pin 'u_logic/vis_psp_o[14]' has no loads. (LINT-2)
Warning: In design 'CORTEXM0DS', net 'vis_psp[15]' driven by pin 'u_logic/vis_psp_o[15]' has no loads. (LINT-2)
Warning: In design 'CORTEXM0DS', net 'vis_psp[16]' driven by pin 'u_logic/vis_psp_o[16]' has no loads. (LINT-2)
Warning: In design 'CORTEXM0DS', net 'vis_psp[17]' driven by pin 'u_logic/vis_psp_o[17]' has no loads. (LINT-2)
Warning: In design 'CORTEXM0DS', net 'vis_psp[18]' driven by pin 'u_logic/vis_psp_o[18]' has no loads. (LINT-2)
Warning: In design 'CORTEXM0DS', net 'vis_psp[19]' driven by pin 'u_logic/vis_psp_o[19]' has no loads. (LINT-2)
Warning: In design 'CORTEXM0DS', net 'vis_psp[20]' driven by pin 'u_logic/vis_psp_o[20]' has no loads. (LINT-2)
Warning: In design 'CORTEXM0DS', net 'vis_psp[21]' driven by pin 'u_logic/vis_psp_o[21]' has no loads. (LINT-2)
Warning: In design 'CORTEXM0DS', net 'vis_psp[22]' driven by pin 'u_logic/vis_psp_o[22]' has no loads. (LINT-2)
Warning: In design 'CORTEXM0DS', net 'vis_psp[23]' driven by pin 'u_logic/vis_psp_o[23]' has no loads. (LINT-2)
Warning: In design 'CORTEXM0DS', net 'vis_psp[24]' driven by pin 'u_logic/vis_psp_o[24]' has no loads. (LINT-2)
Warning: In design 'CORTEXM0DS', net 'vis_psp[25]' driven by pin 'u_logic/vis_psp_o[25]' has no loads. (LINT-2)
Warning: In design 'CORTEXM0DS', net 'vis_psp[26]' driven by pin 'u_logic/vis_psp_o[26]' has no loads. (LINT-2)
Warning: In design 'CORTEXM0DS', net 'vis_psp[27]' driven by pin 'u_logic/vis_psp_o[27]' has no loads. (LINT-2)
Warning: In design 'CORTEXM0DS', net 'vis_psp[28]' driven by pin 'u_logic/vis_psp_o[28]' has no loads. (LINT-2)
Warning: In design 'CORTEXM0DS', net 'vis_psp[29]' driven by pin 'u_logic/vis_psp_o[29]' has no loads. (LINT-2)
Warning: In design 'CORTEXM0DS', net 'vis_msp[0]' driven by pin 'u_logic/vis_msp_o[0]' has no loads. (LINT-2)
Warning: In design 'CORTEXM0DS', net 'vis_msp[1]' driven by pin 'u_logic/vis_msp_o[1]' has no loads. (LINT-2)
Warning: In design 'CORTEXM0DS', net 'vis_msp[2]' driven by pin 'u_logic/vis_msp_o[2]' has no loads. (LINT-2)
Warning: In design 'CORTEXM0DS', net 'vis_msp[3]' driven by pin 'u_logic/vis_msp_o[3]' has no loads. (LINT-2)
Warning: In design 'CORTEXM0DS', net 'vis_msp[4]' driven by pin 'u_logic/vis_msp_o[4]' has no loads. (LINT-2)
Warning: In design 'CORTEXM0DS', net 'vis_msp[5]' driven by pin 'u_logic/vis_msp_o[5]' has no loads. (LINT-2)
Warning: In design 'CORTEXM0DS', net 'vis_msp[6]' driven by pin 'u_logic/vis_msp_o[6]' has no loads. (LINT-2)
Warning: In design 'CORTEXM0DS', net 'vis_msp[7]' driven by pin 'u_logic/vis_msp_o[7]' has no loads. (LINT-2)
Warning: In design 'CORTEXM0DS', net 'vis_msp[8]' driven by pin 'u_logic/vis_msp_o[8]' has no loads. (LINT-2)
Warning: In design 'CORTEXM0DS', net 'vis_msp[9]' driven by pin 'u_logic/vis_msp_o[9]' has no loads. (LINT-2)
Warning: In design 'CORTEXM0DS', net 'vis_msp[10]' driven by pin 'u_logic/vis_msp_o[10]' has no loads. (LINT-2)
Warning: In design 'CORTEXM0DS', net 'vis_msp[11]' driven by pin 'u_logic/vis_msp_o[11]' has no loads. (LINT-2)
Warning: In design 'CORTEXM0DS', net 'vis_msp[12]' driven by pin 'u_logic/vis_msp_o[12]' has no loads. (LINT-2)
Warning: In design 'CORTEXM0DS', net 'vis_msp[13]' driven by pin 'u_logic/vis_msp_o[13]' has no loads. (LINT-2)
Warning: In design 'CORTEXM0DS', net 'vis_msp[14]' driven by pin 'u_logic/vis_msp_o[14]' has no loads. (LINT-2)
Warning: In design 'CORTEXM0DS', net 'vis_msp[15]' driven by pin 'u_logic/vis_msp_o[15]' has no loads. (LINT-2)
Warning: In design 'CORTEXM0DS', net 'vis_msp[16]' driven by pin 'u_logic/vis_msp_o[16]' has no loads. (LINT-2)
Warning: In design 'CORTEXM0DS', net 'vis_msp[17]' driven by pin 'u_logic/vis_msp_o[17]' has no loads. (LINT-2)
Warning: In design 'CORTEXM0DS', net 'vis_msp[18]' driven by pin 'u_logic/vis_msp_o[18]' has no loads. (LINT-2)
Warning: In design 'CORTEXM0DS', net 'vis_msp[19]' driven by pin 'u_logic/vis_msp_o[19]' has no loads. (LINT-2)
Warning: In design 'CORTEXM0DS', net 'vis_msp[20]' driven by pin 'u_logic/vis_msp_o[20]' has no loads. (LINT-2)
Warning: In design 'CORTEXM0DS', net 'vis_msp[21]' driven by pin 'u_logic/vis_msp_o[21]' has no loads. (LINT-2)
Warning: In design 'CORTEXM0DS', net 'vis_msp[22]' driven by pin 'u_logic/vis_msp_o[22]' has no loads. (LINT-2)
Warning: In design 'CORTEXM0DS', net 'vis_msp[23]' driven by pin 'u_logic/vis_msp_o[23]' has no loads. (LINT-2)
Warning: In design 'CORTEXM0DS', net 'vis_msp[24]' driven by pin 'u_logic/vis_msp_o[24]' has no loads. (LINT-2)
Warning: In design 'CORTEXM0DS', net 'vis_msp[25]' driven by pin 'u_logic/vis_msp_o[25]' has no loads. (LINT-2)
Warning: In design 'CORTEXM0DS', net 'vis_msp[26]' driven by pin 'u_logic/vis_msp_o[26]' has no loads. (LINT-2)
Warning: In design 'CORTEXM0DS', net 'vis_msp[27]' driven by pin 'u_logic/vis_msp_o[27]' has no loads. (LINT-2)
Warning: In design 'CORTEXM0DS', net 'vis_msp[28]' driven by pin 'u_logic/vis_msp_o[28]' has no loads. (LINT-2)
Warning: In design 'CORTEXM0DS', net 'vis_msp[29]' driven by pin 'u_logic/vis_msp_o[29]' has no loads. (LINT-2)
Warning: In design 'CORTEXM0DS', net 'cm0_r12[0]' driven by pin 'u_logic/vis_r12_o[0]' has no loads. (LINT-2)
Warning: In design 'CORTEXM0DS', net 'cm0_r12[1]' driven by pin 'u_logic/vis_r12_o[1]' has no loads. (LINT-2)
Warning: In design 'CORTEXM0DS', net 'cm0_r12[2]' driven by pin 'u_logic/vis_r12_o[2]' has no loads. (LINT-2)
Warning: In design 'CORTEXM0DS', net 'cm0_r12[3]' driven by pin 'u_logic/vis_r12_o[3]' has no loads. (LINT-2)
Warning: In design 'CORTEXM0DS', net 'cm0_r12[4]' driven by pin 'u_logic/vis_r12_o[4]' has no loads. (LINT-2)
Warning: In design 'CORTEXM0DS', net 'cm0_r12[5]' driven by pin 'u_logic/vis_r12_o[5]' has no loads. (LINT-2)
Warning: In design 'CORTEXM0DS', net 'cm0_r12[6]' driven by pin 'u_logic/vis_r12_o[6]' has no loads. (LINT-2)
Warning: In design 'CORTEXM0DS', net 'cm0_r12[7]' driven by pin 'u_logic/vis_r12_o[7]' has no loads. (LINT-2)
Warning: In design 'CORTEXM0DS', net 'cm0_r12[8]' driven by pin 'u_logic/vis_r12_o[8]' has no loads. (LINT-2)
Warning: In design 'CORTEXM0DS', net 'cm0_r12[9]' driven by pin 'u_logic/vis_r12_o[9]' has no loads. (LINT-2)
Warning: In design 'CORTEXM0DS', net 'cm0_r12[10]' driven by pin 'u_logic/vis_r12_o[10]' has no loads. (LINT-2)
Warning: In design 'CORTEXM0DS', net 'cm0_r12[11]' driven by pin 'u_logic/vis_r12_o[11]' has no loads. (LINT-2)
Warning: In design 'CORTEXM0DS', net 'cm0_r12[12]' driven by pin 'u_logic/vis_r12_o[12]' has no loads. (LINT-2)
Warning: In design 'CORTEXM0DS', net 'cm0_r12[13]' driven by pin 'u_logic/vis_r12_o[13]' has no loads. (LINT-2)
Warning: In design 'CORTEXM0DS', net 'cm0_r12[14]' driven by pin 'u_logic/vis_r12_o[14]' has no loads. (LINT-2)
Warning: In design 'CORTEXM0DS', net 'cm0_r12[15]' driven by pin 'u_logic/vis_r12_o[15]' has no loads. (LINT-2)
Warning: In design 'CORTEXM0DS', net 'cm0_r12[16]' driven by pin 'u_logic/vis_r12_o[16]' has no loads. (LINT-2)
Warning: In design 'CORTEXM0DS', net 'cm0_r12[17]' driven by pin 'u_logic/vis_r12_o[17]' has no loads. (LINT-2)
Warning: In design 'CORTEXM0DS', net 'cm0_r12[18]' driven by pin 'u_logic/vis_r12_o[18]' has no loads. (LINT-2)
Warning: In design 'CORTEXM0DS', net 'cm0_r12[19]' driven by pin 'u_logic/vis_r12_o[19]' has no loads. (LINT-2)
Warning: In design 'CORTEXM0DS', net 'cm0_r12[20]' driven by pin 'u_logic/vis_r12_o[20]' has no loads. (LINT-2)
Warning: In design 'CORTEXM0DS', net 'cm0_r12[21]' driven by pin 'u_logic/vis_r12_o[21]' has no loads. (LINT-2)
Warning: In design 'CORTEXM0DS', net 'cm0_r12[22]' driven by pin 'u_logic/vis_r12_o[22]' has no loads. (LINT-2)
Warning: In design 'CORTEXM0DS', net 'cm0_r12[23]' driven by pin 'u_logic/vis_r12_o[23]' has no loads. (LINT-2)
Warning: In design 'CORTEXM0DS', net 'cm0_r12[24]' driven by pin 'u_logic/vis_r12_o[24]' has no loads. (LINT-2)
Warning: In design 'CORTEXM0DS', net 'cm0_r12[25]' driven by pin 'u_logic/vis_r12_o[25]' has no loads. (LINT-2)
Warning: In design 'CORTEXM0DS', net 'cm0_r12[26]' driven by pin 'u_logic/vis_r12_o[26]' has no loads. (LINT-2)
Warning: In design 'CORTEXM0DS', net 'cm0_r12[27]' driven by pin 'u_logic/vis_r12_o[27]' has no loads. (LINT-2)
Warning: In design 'CORTEXM0DS', net 'cm0_r12[28]' driven by pin 'u_logic/vis_r12_o[28]' has no loads. (LINT-2)
Warning: In design 'CORTEXM0DS', net 'cm0_r12[29]' driven by pin 'u_logic/vis_r12_o[29]' has no loads. (LINT-2)
Warning: In design 'CORTEXM0DS', net 'cm0_r12[30]' driven by pin 'u_logic/vis_r12_o[30]' has no loads. (LINT-2)
Warning: In design 'CORTEXM0DS', net 'cm0_r12[31]' driven by pin 'u_logic/vis_r12_o[31]' has no loads. (LINT-2)
Warning: In design 'CORTEXM0DS', net 'cm0_r11[0]' driven by pin 'u_logic/vis_r11_o[0]' has no loads. (LINT-2)
Warning: In design 'CORTEXM0DS', net 'cm0_r11[1]' driven by pin 'u_logic/vis_r11_o[1]' has no loads. (LINT-2)
Warning: In design 'CORTEXM0DS', net 'cm0_r11[2]' driven by pin 'u_logic/vis_r11_o[2]' has no loads. (LINT-2)
Warning: In design 'CORTEXM0DS', net 'cm0_r11[3]' driven by pin 'u_logic/vis_r11_o[3]' has no loads. (LINT-2)
Warning: In design 'CORTEXM0DS', net 'cm0_r11[4]' driven by pin 'u_logic/vis_r11_o[4]' has no loads. (LINT-2)
Warning: In design 'CORTEXM0DS', net 'cm0_r11[5]' driven by pin 'u_logic/vis_r11_o[5]' has no loads. (LINT-2)
Warning: In design 'CORTEXM0DS', net 'cm0_r11[6]' driven by pin 'u_logic/vis_r11_o[6]' has no loads. (LINT-2)
Warning: In design 'CORTEXM0DS', net 'cm0_r11[7]' driven by pin 'u_logic/vis_r11_o[7]' has no loads. (LINT-2)
Warning: In design 'CORTEXM0DS', net 'cm0_r11[8]' driven by pin 'u_logic/vis_r11_o[8]' has no loads. (LINT-2)
Warning: In design 'CORTEXM0DS', net 'cm0_r11[9]' driven by pin 'u_logic/vis_r11_o[9]' has no loads. (LINT-2)
Warning: In design 'CORTEXM0DS', net 'cm0_r11[10]' driven by pin 'u_logic/vis_r11_o[10]' has no loads. (LINT-2)
Warning: In design 'CORTEXM0DS', net 'cm0_r11[11]' driven by pin 'u_logic/vis_r11_o[11]' has no loads. (LINT-2)
Warning: In design 'CORTEXM0DS', net 'cm0_r11[12]' driven by pin 'u_logic/vis_r11_o[12]' has no loads. (LINT-2)
Warning: In design 'CORTEXM0DS', net 'cm0_r11[13]' driven by pin 'u_logic/vis_r11_o[13]' has no loads. (LINT-2)
Warning: In design 'CORTEXM0DS', net 'cm0_r11[14]' driven by pin 'u_logic/vis_r11_o[14]' has no loads. (LINT-2)
Warning: In design 'CORTEXM0DS', net 'cm0_r11[15]' driven by pin 'u_logic/vis_r11_o[15]' has no loads. (LINT-2)
Warning: In design 'CORTEXM0DS', net 'cm0_r11[16]' driven by pin 'u_logic/vis_r11_o[16]' has no loads. (LINT-2)
Warning: In design 'CORTEXM0DS', net 'cm0_r11[17]' driven by pin 'u_logic/vis_r11_o[17]' has no loads. (LINT-2)
Warning: In design 'CORTEXM0DS', net 'cm0_r11[18]' driven by pin 'u_logic/vis_r11_o[18]' has no loads. (LINT-2)
Warning: In design 'CORTEXM0DS', net 'cm0_r11[19]' driven by pin 'u_logic/vis_r11_o[19]' has no loads. (LINT-2)
Warning: In design 'CORTEXM0DS', net 'cm0_r11[20]' driven by pin 'u_logic/vis_r11_o[20]' has no loads. (LINT-2)
Warning: In design 'CORTEXM0DS', net 'cm0_r11[21]' driven by pin 'u_logic/vis_r11_o[21]' has no loads. (LINT-2)
Warning: In design 'CORTEXM0DS', net 'cm0_r11[22]' driven by pin 'u_logic/vis_r11_o[22]' has no loads. (LINT-2)
Warning: In design 'CORTEXM0DS', net 'cm0_r11[23]' driven by pin 'u_logic/vis_r11_o[23]' has no loads. (LINT-2)
Warning: In design 'CORTEXM0DS', net 'cm0_r11[24]' driven by pin 'u_logic/vis_r11_o[24]' has no loads. (LINT-2)
Warning: In design 'CORTEXM0DS', net 'cm0_r11[25]' driven by pin 'u_logic/vis_r11_o[25]' has no loads. (LINT-2)
Warning: In design 'CORTEXM0DS', net 'cm0_r11[26]' driven by pin 'u_logic/vis_r11_o[26]' has no loads. (LINT-2)
Warning: In design 'CORTEXM0DS', net 'cm0_r11[27]' driven by pin 'u_logic/vis_r11_o[27]' has no loads. (LINT-2)
Warning: In design 'CORTEXM0DS', net 'cm0_r11[28]' driven by pin 'u_logic/vis_r11_o[28]' has no loads. (LINT-2)
Warning: In design 'CORTEXM0DS', net 'cm0_r11[29]' driven by pin 'u_logic/vis_r11_o[29]' has no loads. (LINT-2)
Warning: In design 'CORTEXM0DS', net 'cm0_r11[30]' driven by pin 'u_logic/vis_r11_o[30]' has no loads. (LINT-2)
Warning: In design 'CORTEXM0DS', net 'cm0_r11[31]' driven by pin 'u_logic/vis_r11_o[31]' has no loads. (LINT-2)
Warning: In design 'CORTEXM0DS', net 'cm0_r10[0]' driven by pin 'u_logic/vis_r10_o[0]' has no loads. (LINT-2)
Warning: In design 'CORTEXM0DS', net 'cm0_r10[1]' driven by pin 'u_logic/vis_r10_o[1]' has no loads. (LINT-2)
Warning: In design 'CORTEXM0DS', net 'cm0_r10[2]' driven by pin 'u_logic/vis_r10_o[2]' has no loads. (LINT-2)
Warning: In design 'CORTEXM0DS', net 'cm0_r10[3]' driven by pin 'u_logic/vis_r10_o[3]' has no loads. (LINT-2)
Warning: In design 'CORTEXM0DS', net 'cm0_r10[4]' driven by pin 'u_logic/vis_r10_o[4]' has no loads. (LINT-2)
Warning: In design 'CORTEXM0DS', net 'cm0_r10[5]' driven by pin 'u_logic/vis_r10_o[5]' has no loads. (LINT-2)
Warning: In design 'CORTEXM0DS', net 'cm0_r10[6]' driven by pin 'u_logic/vis_r10_o[6]' has no loads. (LINT-2)
Warning: In design 'CORTEXM0DS', net 'cm0_r10[7]' driven by pin 'u_logic/vis_r10_o[7]' has no loads. (LINT-2)
Warning: In design 'CORTEXM0DS', net 'cm0_r10[8]' driven by pin 'u_logic/vis_r10_o[8]' has no loads. (LINT-2)
Warning: In design 'CORTEXM0DS', net 'cm0_r10[9]' driven by pin 'u_logic/vis_r10_o[9]' has no loads. (LINT-2)
Warning: In design 'CORTEXM0DS', net 'cm0_r10[10]' driven by pin 'u_logic/vis_r10_o[10]' has no loads. (LINT-2)
Warning: In design 'CORTEXM0DS', net 'cm0_r10[11]' driven by pin 'u_logic/vis_r10_o[11]' has no loads. (LINT-2)
Warning: In design 'CORTEXM0DS', net 'cm0_r10[12]' driven by pin 'u_logic/vis_r10_o[12]' has no loads. (LINT-2)
Warning: In design 'CORTEXM0DS', net 'cm0_r10[13]' driven by pin 'u_logic/vis_r10_o[13]' has no loads. (LINT-2)
Warning: In design 'CORTEXM0DS', net 'cm0_r10[14]' driven by pin 'u_logic/vis_r10_o[14]' has no loads. (LINT-2)
Warning: In design 'CORTEXM0DS', net 'cm0_r10[15]' driven by pin 'u_logic/vis_r10_o[15]' has no loads. (LINT-2)
Warning: In design 'CORTEXM0DS', net 'cm0_r10[16]' driven by pin 'u_logic/vis_r10_o[16]' has no loads. (LINT-2)
Warning: In design 'CORTEXM0DS', net 'cm0_r10[17]' driven by pin 'u_logic/vis_r10_o[17]' has no loads. (LINT-2)
Warning: In design 'CORTEXM0DS', net 'cm0_r10[18]' driven by pin 'u_logic/vis_r10_o[18]' has no loads. (LINT-2)
Warning: In design 'CORTEXM0DS', net 'cm0_r10[19]' driven by pin 'u_logic/vis_r10_o[19]' has no loads. (LINT-2)
Warning: In design 'CORTEXM0DS', net 'cm0_r10[20]' driven by pin 'u_logic/vis_r10_o[20]' has no loads. (LINT-2)
Warning: In design 'CORTEXM0DS', net 'cm0_r10[21]' driven by pin 'u_logic/vis_r10_o[21]' has no loads. (LINT-2)
Warning: In design 'CORTEXM0DS', net 'cm0_r10[22]' driven by pin 'u_logic/vis_r10_o[22]' has no loads. (LINT-2)
Warning: In design 'CORTEXM0DS', net 'cm0_r10[23]' driven by pin 'u_logic/vis_r10_o[23]' has no loads. (LINT-2)
Warning: In design 'CORTEXM0DS', net 'cm0_r10[24]' driven by pin 'u_logic/vis_r10_o[24]' has no loads. (LINT-2)
Warning: In design 'CORTEXM0DS', net 'cm0_r10[25]' driven by pin 'u_logic/vis_r10_o[25]' has no loads. (LINT-2)
Warning: In design 'CORTEXM0DS', net 'cm0_r10[26]' driven by pin 'u_logic/vis_r10_o[26]' has no loads. (LINT-2)
Warning: In design 'CORTEXM0DS', net 'cm0_r10[27]' driven by pin 'u_logic/vis_r10_o[27]' has no loads. (LINT-2)
Warning: In design 'CORTEXM0DS', net 'cm0_r10[28]' driven by pin 'u_logic/vis_r10_o[28]' has no loads. (LINT-2)
Warning: In design 'CORTEXM0DS', net 'cm0_r10[29]' driven by pin 'u_logic/vis_r10_o[29]' has no loads. (LINT-2)
Warning: In design 'CORTEXM0DS', net 'cm0_r10[30]' driven by pin 'u_logic/vis_r10_o[30]' has no loads. (LINT-2)
Warning: In design 'CORTEXM0DS', net 'cm0_r10[31]' driven by pin 'u_logic/vis_r10_o[31]' has no loads. (LINT-2)
Warning: In design 'CORTEXM0DS', net 'cm0_r09[0]' driven by pin 'u_logic/vis_r9_o[0]' has no loads. (LINT-2)
Warning: In design 'CORTEXM0DS', net 'cm0_r09[1]' driven by pin 'u_logic/vis_r9_o[1]' has no loads. (LINT-2)
Warning: In design 'CORTEXM0DS', net 'cm0_r09[2]' driven by pin 'u_logic/vis_r9_o[2]' has no loads. (LINT-2)
Warning: In design 'CORTEXM0DS', net 'cm0_r09[3]' driven by pin 'u_logic/vis_r9_o[3]' has no loads. (LINT-2)
Warning: In design 'CORTEXM0DS', net 'cm0_r09[4]' driven by pin 'u_logic/vis_r9_o[4]' has no loads. (LINT-2)
Warning: In design 'CORTEXM0DS', net 'cm0_r09[5]' driven by pin 'u_logic/vis_r9_o[5]' has no loads. (LINT-2)
Warning: In design 'CORTEXM0DS', net 'cm0_r09[6]' driven by pin 'u_logic/vis_r9_o[6]' has no loads. (LINT-2)
Warning: In design 'CORTEXM0DS', net 'cm0_r09[7]' driven by pin 'u_logic/vis_r9_o[7]' has no loads. (LINT-2)
Warning: In design 'CORTEXM0DS', net 'cm0_r09[8]' driven by pin 'u_logic/vis_r9_o[8]' has no loads. (LINT-2)
Warning: In design 'CORTEXM0DS', net 'cm0_r09[9]' driven by pin 'u_logic/vis_r9_o[9]' has no loads. (LINT-2)
Warning: In design 'CORTEXM0DS', net 'cm0_r09[10]' driven by pin 'u_logic/vis_r9_o[10]' has no loads. (LINT-2)
Warning: In design 'CORTEXM0DS', net 'cm0_r09[11]' driven by pin 'u_logic/vis_r9_o[11]' has no loads. (LINT-2)
Warning: In design 'CORTEXM0DS', net 'cm0_r09[12]' driven by pin 'u_logic/vis_r9_o[12]' has no loads. (LINT-2)
Warning: In design 'CORTEXM0DS', net 'cm0_r09[13]' driven by pin 'u_logic/vis_r9_o[13]' has no loads. (LINT-2)
Warning: In design 'CORTEXM0DS', net 'cm0_r09[14]' driven by pin 'u_logic/vis_r9_o[14]' has no loads. (LINT-2)
Warning: In design 'CORTEXM0DS', net 'cm0_r09[15]' driven by pin 'u_logic/vis_r9_o[15]' has no loads. (LINT-2)
Warning: In design 'CORTEXM0DS', net 'cm0_r09[16]' driven by pin 'u_logic/vis_r9_o[16]' has no loads. (LINT-2)
Warning: In design 'CORTEXM0DS', net 'cm0_r09[17]' driven by pin 'u_logic/vis_r9_o[17]' has no loads. (LINT-2)
Warning: In design 'CORTEXM0DS', net 'cm0_r09[18]' driven by pin 'u_logic/vis_r9_o[18]' has no loads. (LINT-2)
Warning: In design 'CORTEXM0DS', net 'cm0_r09[19]' driven by pin 'u_logic/vis_r9_o[19]' has no loads. (LINT-2)
Warning: In design 'CORTEXM0DS', net 'cm0_r09[20]' driven by pin 'u_logic/vis_r9_o[20]' has no loads. (LINT-2)
Warning: In design 'CORTEXM0DS', net 'cm0_r09[21]' driven by pin 'u_logic/vis_r9_o[21]' has no loads. (LINT-2)
Warning: In design 'CORTEXM0DS', net 'cm0_r09[22]' driven by pin 'u_logic/vis_r9_o[22]' has no loads. (LINT-2)
Warning: In design 'CORTEXM0DS', net 'cm0_r09[23]' driven by pin 'u_logic/vis_r9_o[23]' has no loads. (LINT-2)
Warning: In design 'CORTEXM0DS', net 'cm0_r09[24]' driven by pin 'u_logic/vis_r9_o[24]' has no loads. (LINT-2)
Warning: In design 'CORTEXM0DS', net 'cm0_r09[25]' driven by pin 'u_logic/vis_r9_o[25]' has no loads. (LINT-2)
Warning: In design 'CORTEXM0DS', net 'cm0_r09[26]' driven by pin 'u_logic/vis_r9_o[26]' has no loads. (LINT-2)
Warning: In design 'CORTEXM0DS', net 'cm0_r09[27]' driven by pin 'u_logic/vis_r9_o[27]' has no loads. (LINT-2)
Warning: In design 'CORTEXM0DS', net 'cm0_r09[28]' driven by pin 'u_logic/vis_r9_o[28]' has no loads. (LINT-2)
Warning: In design 'CORTEXM0DS', net 'cm0_r09[29]' driven by pin 'u_logic/vis_r9_o[29]' has no loads. (LINT-2)
Warning: In design 'CORTEXM0DS', net 'cm0_r09[30]' driven by pin 'u_logic/vis_r9_o[30]' has no loads. (LINT-2)
Warning: In design 'CORTEXM0DS', net 'cm0_r09[31]' driven by pin 'u_logic/vis_r9_o[31]' has no loads. (LINT-2)
Warning: In design 'CORTEXM0DS', net 'cm0_r08[0]' driven by pin 'u_logic/vis_r8_o[0]' has no loads. (LINT-2)
Warning: In design 'CORTEXM0DS', net 'cm0_r08[1]' driven by pin 'u_logic/vis_r8_o[1]' has no loads. (LINT-2)
Warning: In design 'CORTEXM0DS', net 'cm0_r08[2]' driven by pin 'u_logic/vis_r8_o[2]' has no loads. (LINT-2)
Warning: In design 'CORTEXM0DS', net 'cm0_r08[3]' driven by pin 'u_logic/vis_r8_o[3]' has no loads. (LINT-2)
Warning: In design 'CORTEXM0DS', net 'cm0_r08[4]' driven by pin 'u_logic/vis_r8_o[4]' has no loads. (LINT-2)
Warning: In design 'CORTEXM0DS', net 'cm0_r08[5]' driven by pin 'u_logic/vis_r8_o[5]' has no loads. (LINT-2)
Warning: In design 'CORTEXM0DS', net 'cm0_r08[6]' driven by pin 'u_logic/vis_r8_o[6]' has no loads. (LINT-2)
Warning: In design 'CORTEXM0DS', net 'cm0_r08[7]' driven by pin 'u_logic/vis_r8_o[7]' has no loads. (LINT-2)
Warning: In design 'CORTEXM0DS', net 'cm0_r08[8]' driven by pin 'u_logic/vis_r8_o[8]' has no loads. (LINT-2)
Warning: In design 'CORTEXM0DS', net 'cm0_r08[9]' driven by pin 'u_logic/vis_r8_o[9]' has no loads. (LINT-2)
Warning: In design 'CORTEXM0DS', net 'cm0_r08[10]' driven by pin 'u_logic/vis_r8_o[10]' has no loads. (LINT-2)
Warning: In design 'CORTEXM0DS', net 'cm0_r08[11]' driven by pin 'u_logic/vis_r8_o[11]' has no loads. (LINT-2)
Warning: In design 'CORTEXM0DS', net 'cm0_r08[12]' driven by pin 'u_logic/vis_r8_o[12]' has no loads. (LINT-2)
Warning: In design 'CORTEXM0DS', net 'cm0_r08[13]' driven by pin 'u_logic/vis_r8_o[13]' has no loads. (LINT-2)
Warning: In design 'CORTEXM0DS', net 'cm0_r08[14]' driven by pin 'u_logic/vis_r8_o[14]' has no loads. (LINT-2)
Warning: In design 'CORTEXM0DS', net 'cm0_r08[15]' driven by pin 'u_logic/vis_r8_o[15]' has no loads. (LINT-2)
Warning: In design 'CORTEXM0DS', net 'cm0_r08[16]' driven by pin 'u_logic/vis_r8_o[16]' has no loads. (LINT-2)
Warning: In design 'CORTEXM0DS', net 'cm0_r08[17]' driven by pin 'u_logic/vis_r8_o[17]' has no loads. (LINT-2)
Warning: In design 'CORTEXM0DS', net 'cm0_r08[18]' driven by pin 'u_logic/vis_r8_o[18]' has no loads. (LINT-2)
Warning: In design 'CORTEXM0DS', net 'cm0_r08[19]' driven by pin 'u_logic/vis_r8_o[19]' has no loads. (LINT-2)
Warning: In design 'CORTEXM0DS', net 'cm0_r08[20]' driven by pin 'u_logic/vis_r8_o[20]' has no loads. (LINT-2)
Warning: In design 'CORTEXM0DS', net 'cm0_r08[21]' driven by pin 'u_logic/vis_r8_o[21]' has no loads. (LINT-2)
Warning: In design 'CORTEXM0DS', net 'cm0_r08[22]' driven by pin 'u_logic/vis_r8_o[22]' has no loads. (LINT-2)
Warning: In design 'CORTEXM0DS', net 'cm0_r08[23]' driven by pin 'u_logic/vis_r8_o[23]' has no loads. (LINT-2)
Warning: In design 'CORTEXM0DS', net 'cm0_r08[24]' driven by pin 'u_logic/vis_r8_o[24]' has no loads. (LINT-2)
Warning: In design 'CORTEXM0DS', net 'cm0_r08[25]' driven by pin 'u_logic/vis_r8_o[25]' has no loads. (LINT-2)
Warning: In design 'CORTEXM0DS', net 'cm0_r08[26]' driven by pin 'u_logic/vis_r8_o[26]' has no loads. (LINT-2)
Warning: In design 'CORTEXM0DS', net 'cm0_r08[27]' driven by pin 'u_logic/vis_r8_o[27]' has no loads. (LINT-2)
Warning: In design 'CORTEXM0DS', net 'cm0_r08[28]' driven by pin 'u_logic/vis_r8_o[28]' has no loads. (LINT-2)
Warning: In design 'CORTEXM0DS', net 'cm0_r08[29]' driven by pin 'u_logic/vis_r8_o[29]' has no loads. (LINT-2)
Warning: In design 'CORTEXM0DS', net 'cm0_r08[30]' driven by pin 'u_logic/vis_r8_o[30]' has no loads. (LINT-2)
Warning: In design 'CORTEXM0DS', net 'cm0_r08[31]' driven by pin 'u_logic/vis_r8_o[31]' has no loads. (LINT-2)
Warning: In design 'CORTEXM0DS', net 'cm0_r07[0]' driven by pin 'u_logic/vis_r7_o[0]' has no loads. (LINT-2)
Warning: In design 'CORTEXM0DS', net 'cm0_r07[1]' driven by pin 'u_logic/vis_r7_o[1]' has no loads. (LINT-2)
Warning: In design 'CORTEXM0DS', net 'cm0_r07[2]' driven by pin 'u_logic/vis_r7_o[2]' has no loads. (LINT-2)
Warning: In design 'CORTEXM0DS', net 'cm0_r07[3]' driven by pin 'u_logic/vis_r7_o[3]' has no loads. (LINT-2)
Warning: In design 'CORTEXM0DS', net 'cm0_r07[4]' driven by pin 'u_logic/vis_r7_o[4]' has no loads. (LINT-2)
Warning: In design 'CORTEXM0DS', net 'cm0_r07[5]' driven by pin 'u_logic/vis_r7_o[5]' has no loads. (LINT-2)
Warning: In design 'CORTEXM0DS', net 'cm0_r07[6]' driven by pin 'u_logic/vis_r7_o[6]' has no loads. (LINT-2)
Warning: In design 'CORTEXM0DS', net 'cm0_r07[7]' driven by pin 'u_logic/vis_r7_o[7]' has no loads. (LINT-2)
Warning: In design 'CORTEXM0DS', net 'cm0_r07[8]' driven by pin 'u_logic/vis_r7_o[8]' has no loads. (LINT-2)
Warning: In design 'CORTEXM0DS', net 'cm0_r07[9]' driven by pin 'u_logic/vis_r7_o[9]' has no loads. (LINT-2)
Warning: In design 'CORTEXM0DS', net 'cm0_r07[10]' driven by pin 'u_logic/vis_r7_o[10]' has no loads. (LINT-2)
Warning: In design 'CORTEXM0DS', net 'cm0_r07[11]' driven by pin 'u_logic/vis_r7_o[11]' has no loads. (LINT-2)
Warning: In design 'CORTEXM0DS', net 'cm0_r07[12]' driven by pin 'u_logic/vis_r7_o[12]' has no loads. (LINT-2)
Warning: In design 'CORTEXM0DS', net 'cm0_r07[13]' driven by pin 'u_logic/vis_r7_o[13]' has no loads. (LINT-2)
Warning: In design 'CORTEXM0DS', net 'cm0_r07[14]' driven by pin 'u_logic/vis_r7_o[14]' has no loads. (LINT-2)
Warning: In design 'CORTEXM0DS', net 'cm0_r07[15]' driven by pin 'u_logic/vis_r7_o[15]' has no loads. (LINT-2)
Warning: In design 'CORTEXM0DS', net 'cm0_r07[16]' driven by pin 'u_logic/vis_r7_o[16]' has no loads. (LINT-2)
Warning: In design 'CORTEXM0DS', net 'cm0_r07[17]' driven by pin 'u_logic/vis_r7_o[17]' has no loads. (LINT-2)
Warning: In design 'CORTEXM0DS', net 'cm0_r07[18]' driven by pin 'u_logic/vis_r7_o[18]' has no loads. (LINT-2)
Warning: In design 'CORTEXM0DS', net 'cm0_r07[19]' driven by pin 'u_logic/vis_r7_o[19]' has no loads. (LINT-2)
Warning: In design 'CORTEXM0DS', net 'cm0_r07[20]' driven by pin 'u_logic/vis_r7_o[20]' has no loads. (LINT-2)
Warning: In design 'CORTEXM0DS', net 'cm0_r07[21]' driven by pin 'u_logic/vis_r7_o[21]' has no loads. (LINT-2)
Warning: In design 'CORTEXM0DS', net 'cm0_r07[22]' driven by pin 'u_logic/vis_r7_o[22]' has no loads. (LINT-2)
Warning: In design 'CORTEXM0DS', net 'cm0_r07[23]' driven by pin 'u_logic/vis_r7_o[23]' has no loads. (LINT-2)
Warning: In design 'CORTEXM0DS', net 'cm0_r07[24]' driven by pin 'u_logic/vis_r7_o[24]' has no loads. (LINT-2)
Warning: In design 'CORTEXM0DS', net 'cm0_r07[25]' driven by pin 'u_logic/vis_r7_o[25]' has no loads. (LINT-2)
Warning: In design 'CORTEXM0DS', net 'cm0_r07[26]' driven by pin 'u_logic/vis_r7_o[26]' has no loads. (LINT-2)
Warning: In design 'CORTEXM0DS', net 'cm0_r07[27]' driven by pin 'u_logic/vis_r7_o[27]' has no loads. (LINT-2)
Warning: In design 'CORTEXM0DS', net 'cm0_r07[28]' driven by pin 'u_logic/vis_r7_o[28]' has no loads. (LINT-2)
Warning: In design 'CORTEXM0DS', net 'cm0_r07[29]' driven by pin 'u_logic/vis_r7_o[29]' has no loads. (LINT-2)
Warning: In design 'CORTEXM0DS', net 'cm0_r07[30]' driven by pin 'u_logic/vis_r7_o[30]' has no loads. (LINT-2)
Warning: In design 'CORTEXM0DS', net 'cm0_r07[31]' driven by pin 'u_logic/vis_r7_o[31]' has no loads. (LINT-2)
Warning: In design 'CORTEXM0DS', net 'cm0_r06[0]' driven by pin 'u_logic/vis_r6_o[0]' has no loads. (LINT-2)
Warning: In design 'CORTEXM0DS', net 'cm0_r06[1]' driven by pin 'u_logic/vis_r6_o[1]' has no loads. (LINT-2)
Warning: In design 'CORTEXM0DS', net 'cm0_r06[2]' driven by pin 'u_logic/vis_r6_o[2]' has no loads. (LINT-2)
Warning: In design 'CORTEXM0DS', net 'cm0_r06[3]' driven by pin 'u_logic/vis_r6_o[3]' has no loads. (LINT-2)
Warning: In design 'CORTEXM0DS', net 'cm0_r06[4]' driven by pin 'u_logic/vis_r6_o[4]' has no loads. (LINT-2)
Warning: In design 'CORTEXM0DS', net 'cm0_r06[5]' driven by pin 'u_logic/vis_r6_o[5]' has no loads. (LINT-2)
Warning: In design 'CORTEXM0DS', net 'cm0_r06[6]' driven by pin 'u_logic/vis_r6_o[6]' has no loads. (LINT-2)
Warning: In design 'CORTEXM0DS', net 'cm0_r06[7]' driven by pin 'u_logic/vis_r6_o[7]' has no loads. (LINT-2)
Warning: In design 'CORTEXM0DS', net 'cm0_r06[8]' driven by pin 'u_logic/vis_r6_o[8]' has no loads. (LINT-2)
Warning: In design 'CORTEXM0DS', net 'cm0_r06[9]' driven by pin 'u_logic/vis_r6_o[9]' has no loads. (LINT-2)
Warning: In design 'CORTEXM0DS', net 'cm0_r06[10]' driven by pin 'u_logic/vis_r6_o[10]' has no loads. (LINT-2)
Warning: In design 'CORTEXM0DS', net 'cm0_r06[11]' driven by pin 'u_logic/vis_r6_o[11]' has no loads. (LINT-2)
Warning: In design 'CORTEXM0DS', net 'cm0_r06[12]' driven by pin 'u_logic/vis_r6_o[12]' has no loads. (LINT-2)
Warning: In design 'CORTEXM0DS', net 'cm0_r06[13]' driven by pin 'u_logic/vis_r6_o[13]' has no loads. (LINT-2)
Warning: In design 'CORTEXM0DS', net 'cm0_r06[14]' driven by pin 'u_logic/vis_r6_o[14]' has no loads. (LINT-2)
Warning: In design 'CORTEXM0DS', net 'cm0_r06[15]' driven by pin 'u_logic/vis_r6_o[15]' has no loads. (LINT-2)
Warning: In design 'CORTEXM0DS', net 'cm0_r06[16]' driven by pin 'u_logic/vis_r6_o[16]' has no loads. (LINT-2)
Warning: In design 'CORTEXM0DS', net 'cm0_r06[17]' driven by pin 'u_logic/vis_r6_o[17]' has no loads. (LINT-2)
Warning: In design 'CORTEXM0DS', net 'cm0_r06[18]' driven by pin 'u_logic/vis_r6_o[18]' has no loads. (LINT-2)
Warning: In design 'CORTEXM0DS', net 'cm0_r06[19]' driven by pin 'u_logic/vis_r6_o[19]' has no loads. (LINT-2)
Warning: In design 'CORTEXM0DS', net 'cm0_r06[20]' driven by pin 'u_logic/vis_r6_o[20]' has no loads. (LINT-2)
Warning: In design 'CORTEXM0DS', net 'cm0_r06[21]' driven by pin 'u_logic/vis_r6_o[21]' has no loads. (LINT-2)
Warning: In design 'CORTEXM0DS', net 'cm0_r06[22]' driven by pin 'u_logic/vis_r6_o[22]' has no loads. (LINT-2)
Warning: In design 'CORTEXM0DS', net 'cm0_r06[23]' driven by pin 'u_logic/vis_r6_o[23]' has no loads. (LINT-2)
Warning: In design 'CORTEXM0DS', net 'cm0_r06[24]' driven by pin 'u_logic/vis_r6_o[24]' has no loads. (LINT-2)
Warning: In design 'CORTEXM0DS', net 'cm0_r06[25]' driven by pin 'u_logic/vis_r6_o[25]' has no loads. (LINT-2)
Warning: In design 'CORTEXM0DS', net 'cm0_r06[26]' driven by pin 'u_logic/vis_r6_o[26]' has no loads. (LINT-2)
Warning: In design 'CORTEXM0DS', net 'cm0_r06[27]' driven by pin 'u_logic/vis_r6_o[27]' has no loads. (LINT-2)
Warning: In design 'CORTEXM0DS', net 'cm0_r06[28]' driven by pin 'u_logic/vis_r6_o[28]' has no loads. (LINT-2)
Warning: In design 'CORTEXM0DS', net 'cm0_r06[29]' driven by pin 'u_logic/vis_r6_o[29]' has no loads. (LINT-2)
Warning: In design 'CORTEXM0DS', net 'cm0_r06[30]' driven by pin 'u_logic/vis_r6_o[30]' has no loads. (LINT-2)
Warning: In design 'CORTEXM0DS', net 'cm0_r06[31]' driven by pin 'u_logic/vis_r6_o[31]' has no loads. (LINT-2)
Warning: In design 'CORTEXM0DS', net 'cm0_r05[0]' driven by pin 'u_logic/vis_r5_o[0]' has no loads. (LINT-2)
Warning: In design 'CORTEXM0DS', net 'cm0_r05[1]' driven by pin 'u_logic/vis_r5_o[1]' has no loads. (LINT-2)
Warning: In design 'CORTEXM0DS', net 'cm0_r05[2]' driven by pin 'u_logic/vis_r5_o[2]' has no loads. (LINT-2)
Warning: In design 'CORTEXM0DS', net 'cm0_r05[3]' driven by pin 'u_logic/vis_r5_o[3]' has no loads. (LINT-2)
Warning: In design 'CORTEXM0DS', net 'cm0_r05[4]' driven by pin 'u_logic/vis_r5_o[4]' has no loads. (LINT-2)
Warning: In design 'CORTEXM0DS', net 'cm0_r05[5]' driven by pin 'u_logic/vis_r5_o[5]' has no loads. (LINT-2)
Warning: In design 'CORTEXM0DS', net 'cm0_r05[6]' driven by pin 'u_logic/vis_r5_o[6]' has no loads. (LINT-2)
Warning: In design 'CORTEXM0DS', net 'cm0_r05[7]' driven by pin 'u_logic/vis_r5_o[7]' has no loads. (LINT-2)
Warning: In design 'CORTEXM0DS', net 'cm0_r05[8]' driven by pin 'u_logic/vis_r5_o[8]' has no loads. (LINT-2)
Warning: In design 'CORTEXM0DS', net 'cm0_r05[9]' driven by pin 'u_logic/vis_r5_o[9]' has no loads. (LINT-2)
Warning: In design 'CORTEXM0DS', net 'cm0_r05[10]' driven by pin 'u_logic/vis_r5_o[10]' has no loads. (LINT-2)
Warning: In design 'CORTEXM0DS', net 'cm0_r05[11]' driven by pin 'u_logic/vis_r5_o[11]' has no loads. (LINT-2)
Warning: In design 'CORTEXM0DS', net 'cm0_r05[12]' driven by pin 'u_logic/vis_r5_o[12]' has no loads. (LINT-2)
Warning: In design 'CORTEXM0DS', net 'cm0_r05[13]' driven by pin 'u_logic/vis_r5_o[13]' has no loads. (LINT-2)
Warning: In design 'CORTEXM0DS', net 'cm0_r05[14]' driven by pin 'u_logic/vis_r5_o[14]' has no loads. (LINT-2)
Warning: In design 'CORTEXM0DS', net 'cm0_r05[15]' driven by pin 'u_logic/vis_r5_o[15]' has no loads. (LINT-2)
Warning: In design 'CORTEXM0DS', net 'cm0_r05[16]' driven by pin 'u_logic/vis_r5_o[16]' has no loads. (LINT-2)
Warning: In design 'CORTEXM0DS', net 'cm0_r05[17]' driven by pin 'u_logic/vis_r5_o[17]' has no loads. (LINT-2)
Warning: In design 'CORTEXM0DS', net 'cm0_r05[18]' driven by pin 'u_logic/vis_r5_o[18]' has no loads. (LINT-2)
Warning: In design 'CORTEXM0DS', net 'cm0_r05[19]' driven by pin 'u_logic/vis_r5_o[19]' has no loads. (LINT-2)
Warning: In design 'CORTEXM0DS', net 'cm0_r05[20]' driven by pin 'u_logic/vis_r5_o[20]' has no loads. (LINT-2)
Warning: In design 'CORTEXM0DS', net 'cm0_r05[21]' driven by pin 'u_logic/vis_r5_o[21]' has no loads. (LINT-2)
Warning: In design 'CORTEXM0DS', net 'cm0_r05[22]' driven by pin 'u_logic/vis_r5_o[22]' has no loads. (LINT-2)
Warning: In design 'CORTEXM0DS', net 'cm0_r05[23]' driven by pin 'u_logic/vis_r5_o[23]' has no loads. (LINT-2)
Warning: In design 'CORTEXM0DS', net 'cm0_r05[24]' driven by pin 'u_logic/vis_r5_o[24]' has no loads. (LINT-2)
Warning: In design 'CORTEXM0DS', net 'cm0_r05[25]' driven by pin 'u_logic/vis_r5_o[25]' has no loads. (LINT-2)
Warning: In design 'CORTEXM0DS', net 'cm0_r05[26]' driven by pin 'u_logic/vis_r5_o[26]' has no loads. (LINT-2)
Warning: In design 'CORTEXM0DS', net 'cm0_r05[27]' driven by pin 'u_logic/vis_r5_o[27]' has no loads. (LINT-2)
Warning: In design 'CORTEXM0DS', net 'cm0_r05[28]' driven by pin 'u_logic/vis_r5_o[28]' has no loads. (LINT-2)
Warning: In design 'CORTEXM0DS', net 'cm0_r05[29]' driven by pin 'u_logic/vis_r5_o[29]' has no loads. (LINT-2)
Warning: In design 'CORTEXM0DS', net 'cm0_r05[30]' driven by pin 'u_logic/vis_r5_o[30]' has no loads. (LINT-2)
Warning: In design 'CORTEXM0DS', net 'cm0_r05[31]' driven by pin 'u_logic/vis_r5_o[31]' has no loads. (LINT-2)
Warning: In design 'CORTEXM0DS', net 'cm0_r04[0]' driven by pin 'u_logic/vis_r4_o[0]' has no loads. (LINT-2)
Warning: In design 'CORTEXM0DS', net 'cm0_r04[1]' driven by pin 'u_logic/vis_r4_o[1]' has no loads. (LINT-2)
Warning: In design 'CORTEXM0DS', net 'cm0_r04[2]' driven by pin 'u_logic/vis_r4_o[2]' has no loads. (LINT-2)
Warning: In design 'CORTEXM0DS', net 'cm0_r04[3]' driven by pin 'u_logic/vis_r4_o[3]' has no loads. (LINT-2)
Warning: In design 'CORTEXM0DS', net 'cm0_r04[4]' driven by pin 'u_logic/vis_r4_o[4]' has no loads. (LINT-2)
Warning: In design 'CORTEXM0DS', net 'cm0_r04[5]' driven by pin 'u_logic/vis_r4_o[5]' has no loads. (LINT-2)
Warning: In design 'CORTEXM0DS', net 'cm0_r04[6]' driven by pin 'u_logic/vis_r4_o[6]' has no loads. (LINT-2)
Warning: In design 'CORTEXM0DS', net 'cm0_r04[7]' driven by pin 'u_logic/vis_r4_o[7]' has no loads. (LINT-2)
Warning: In design 'CORTEXM0DS', net 'cm0_r04[8]' driven by pin 'u_logic/vis_r4_o[8]' has no loads. (LINT-2)
Warning: In design 'CORTEXM0DS', net 'cm0_r04[9]' driven by pin 'u_logic/vis_r4_o[9]' has no loads. (LINT-2)
Warning: In design 'CORTEXM0DS', net 'cm0_r04[10]' driven by pin 'u_logic/vis_r4_o[10]' has no loads. (LINT-2)
Warning: In design 'CORTEXM0DS', net 'cm0_r04[11]' driven by pin 'u_logic/vis_r4_o[11]' has no loads. (LINT-2)
Warning: In design 'CORTEXM0DS', net 'cm0_r04[12]' driven by pin 'u_logic/vis_r4_o[12]' has no loads. (LINT-2)
Warning: In design 'CORTEXM0DS', net 'cm0_r04[13]' driven by pin 'u_logic/vis_r4_o[13]' has no loads. (LINT-2)
Warning: In design 'CORTEXM0DS', net 'cm0_r04[14]' driven by pin 'u_logic/vis_r4_o[14]' has no loads. (LINT-2)
Warning: In design 'CORTEXM0DS', net 'cm0_r04[15]' driven by pin 'u_logic/vis_r4_o[15]' has no loads. (LINT-2)
Warning: In design 'CORTEXM0DS', net 'cm0_r04[16]' driven by pin 'u_logic/vis_r4_o[16]' has no loads. (LINT-2)
Warning: In design 'CORTEXM0DS', net 'cm0_r04[17]' driven by pin 'u_logic/vis_r4_o[17]' has no loads. (LINT-2)
Warning: In design 'CORTEXM0DS', net 'cm0_r04[18]' driven by pin 'u_logic/vis_r4_o[18]' has no loads. (LINT-2)
Warning: In design 'CORTEXM0DS', net 'cm0_r04[19]' driven by pin 'u_logic/vis_r4_o[19]' has no loads. (LINT-2)
Warning: In design 'CORTEXM0DS', net 'cm0_r04[20]' driven by pin 'u_logic/vis_r4_o[20]' has no loads. (LINT-2)
Warning: In design 'CORTEXM0DS', net 'cm0_r04[21]' driven by pin 'u_logic/vis_r4_o[21]' has no loads. (LINT-2)
Warning: In design 'CORTEXM0DS', net 'cm0_r04[22]' driven by pin 'u_logic/vis_r4_o[22]' has no loads. (LINT-2)
Warning: In design 'CORTEXM0DS', net 'cm0_r04[23]' driven by pin 'u_logic/vis_r4_o[23]' has no loads. (LINT-2)
Warning: In design 'CORTEXM0DS', net 'cm0_r04[24]' driven by pin 'u_logic/vis_r4_o[24]' has no loads. (LINT-2)
Warning: In design 'CORTEXM0DS', net 'cm0_r04[25]' driven by pin 'u_logic/vis_r4_o[25]' has no loads. (LINT-2)
Warning: In design 'CORTEXM0DS', net 'cm0_r04[26]' driven by pin 'u_logic/vis_r4_o[26]' has no loads. (LINT-2)
Warning: In design 'CORTEXM0DS', net 'cm0_r04[27]' driven by pin 'u_logic/vis_r4_o[27]' has no loads. (LINT-2)
Warning: In design 'CORTEXM0DS', net 'cm0_r04[28]' driven by pin 'u_logic/vis_r4_o[28]' has no loads. (LINT-2)
Warning: In design 'CORTEXM0DS', net 'cm0_r04[29]' driven by pin 'u_logic/vis_r4_o[29]' has no loads. (LINT-2)
Warning: In design 'CORTEXM0DS', net 'cm0_r04[30]' driven by pin 'u_logic/vis_r4_o[30]' has no loads. (LINT-2)
Warning: In design 'CORTEXM0DS', net 'cm0_r04[31]' driven by pin 'u_logic/vis_r4_o[31]' has no loads. (LINT-2)
Warning: In design 'CORTEXM0DS', net 'cm0_r03[0]' driven by pin 'u_logic/vis_r3_o[0]' has no loads. (LINT-2)
Warning: In design 'CORTEXM0DS', net 'cm0_r03[1]' driven by pin 'u_logic/vis_r3_o[1]' has no loads. (LINT-2)
Warning: In design 'CORTEXM0DS', net 'cm0_r03[2]' driven by pin 'u_logic/vis_r3_o[2]' has no loads. (LINT-2)
Warning: In design 'CORTEXM0DS', net 'cm0_r03[3]' driven by pin 'u_logic/vis_r3_o[3]' has no loads. (LINT-2)
Warning: In design 'CORTEXM0DS', net 'cm0_r03[4]' driven by pin 'u_logic/vis_r3_o[4]' has no loads. (LINT-2)
Warning: In design 'CORTEXM0DS', net 'cm0_r03[5]' driven by pin 'u_logic/vis_r3_o[5]' has no loads. (LINT-2)
Warning: In design 'CORTEXM0DS', net 'cm0_r03[6]' driven by pin 'u_logic/vis_r3_o[6]' has no loads. (LINT-2)
Warning: In design 'CORTEXM0DS', net 'cm0_r03[7]' driven by pin 'u_logic/vis_r3_o[7]' has no loads. (LINT-2)
Warning: In design 'CORTEXM0DS', net 'cm0_r03[8]' driven by pin 'u_logic/vis_r3_o[8]' has no loads. (LINT-2)
Warning: In design 'CORTEXM0DS', net 'cm0_r03[9]' driven by pin 'u_logic/vis_r3_o[9]' has no loads. (LINT-2)
Warning: In design 'CORTEXM0DS', net 'cm0_r03[10]' driven by pin 'u_logic/vis_r3_o[10]' has no loads. (LINT-2)
Warning: In design 'CORTEXM0DS', net 'cm0_r03[11]' driven by pin 'u_logic/vis_r3_o[11]' has no loads. (LINT-2)
Warning: In design 'CORTEXM0DS', net 'cm0_r03[12]' driven by pin 'u_logic/vis_r3_o[12]' has no loads. (LINT-2)
Warning: In design 'CORTEXM0DS', net 'cm0_r03[13]' driven by pin 'u_logic/vis_r3_o[13]' has no loads. (LINT-2)
Warning: In design 'CORTEXM0DS', net 'cm0_r03[14]' driven by pin 'u_logic/vis_r3_o[14]' has no loads. (LINT-2)
Warning: In design 'CORTEXM0DS', net 'cm0_r03[15]' driven by pin 'u_logic/vis_r3_o[15]' has no loads. (LINT-2)
Warning: In design 'CORTEXM0DS', net 'cm0_r03[16]' driven by pin 'u_logic/vis_r3_o[16]' has no loads. (LINT-2)
Warning: In design 'CORTEXM0DS', net 'cm0_r03[17]' driven by pin 'u_logic/vis_r3_o[17]' has no loads. (LINT-2)
Warning: In design 'CORTEXM0DS', net 'cm0_r03[18]' driven by pin 'u_logic/vis_r3_o[18]' has no loads. (LINT-2)
Warning: In design 'CORTEXM0DS', net 'cm0_r03[19]' driven by pin 'u_logic/vis_r3_o[19]' has no loads. (LINT-2)
Warning: In design 'CORTEXM0DS', net 'cm0_r03[20]' driven by pin 'u_logic/vis_r3_o[20]' has no loads. (LINT-2)
Warning: In design 'CORTEXM0DS', net 'cm0_r03[21]' driven by pin 'u_logic/vis_r3_o[21]' has no loads. (LINT-2)
Warning: In design 'CORTEXM0DS', net 'cm0_r03[22]' driven by pin 'u_logic/vis_r3_o[22]' has no loads. (LINT-2)
Warning: In design 'CORTEXM0DS', net 'cm0_r03[23]' driven by pin 'u_logic/vis_r3_o[23]' has no loads. (LINT-2)
Warning: In design 'CORTEXM0DS', net 'cm0_r03[24]' driven by pin 'u_logic/vis_r3_o[24]' has no loads. (LINT-2)
Warning: In design 'CORTEXM0DS', net 'cm0_r03[25]' driven by pin 'u_logic/vis_r3_o[25]' has no loads. (LINT-2)
Warning: In design 'CORTEXM0DS', net 'cm0_r03[26]' driven by pin 'u_logic/vis_r3_o[26]' has no loads. (LINT-2)
Warning: In design 'CORTEXM0DS', net 'cm0_r03[27]' driven by pin 'u_logic/vis_r3_o[27]' has no loads. (LINT-2)
Warning: In design 'CORTEXM0DS', net 'cm0_r03[28]' driven by pin 'u_logic/vis_r3_o[28]' has no loads. (LINT-2)
Warning: In design 'CORTEXM0DS', net 'cm0_r03[29]' driven by pin 'u_logic/vis_r3_o[29]' has no loads. (LINT-2)
Warning: In design 'CORTEXM0DS', net 'cm0_r03[30]' driven by pin 'u_logic/vis_r3_o[30]' has no loads. (LINT-2)
Warning: In design 'CORTEXM0DS', net 'cm0_r03[31]' driven by pin 'u_logic/vis_r3_o[31]' has no loads. (LINT-2)
Warning: In design 'CORTEXM0DS', net 'cm0_r02[0]' driven by pin 'u_logic/vis_r2_o[0]' has no loads. (LINT-2)
Warning: In design 'CORTEXM0DS', net 'cm0_r02[1]' driven by pin 'u_logic/vis_r2_o[1]' has no loads. (LINT-2)
Warning: In design 'CORTEXM0DS', net 'cm0_r02[2]' driven by pin 'u_logic/vis_r2_o[2]' has no loads. (LINT-2)
Warning: In design 'CORTEXM0DS', net 'cm0_r02[3]' driven by pin 'u_logic/vis_r2_o[3]' has no loads. (LINT-2)
Warning: In design 'CORTEXM0DS', net 'cm0_r02[4]' driven by pin 'u_logic/vis_r2_o[4]' has no loads. (LINT-2)
Warning: In design 'CORTEXM0DS', net 'cm0_r02[5]' driven by pin 'u_logic/vis_r2_o[5]' has no loads. (LINT-2)
Warning: In design 'CORTEXM0DS', net 'cm0_r02[6]' driven by pin 'u_logic/vis_r2_o[6]' has no loads. (LINT-2)
Warning: In design 'CORTEXM0DS', net 'cm0_r02[7]' driven by pin 'u_logic/vis_r2_o[7]' has no loads. (LINT-2)
Warning: In design 'CORTEXM0DS', net 'cm0_r02[8]' driven by pin 'u_logic/vis_r2_o[8]' has no loads. (LINT-2)
Warning: In design 'CORTEXM0DS', net 'cm0_r02[9]' driven by pin 'u_logic/vis_r2_o[9]' has no loads. (LINT-2)
Warning: In design 'CORTEXM0DS', net 'cm0_r02[10]' driven by pin 'u_logic/vis_r2_o[10]' has no loads. (LINT-2)
Warning: In design 'CORTEXM0DS', net 'cm0_r02[11]' driven by pin 'u_logic/vis_r2_o[11]' has no loads. (LINT-2)
Warning: In design 'CORTEXM0DS', net 'cm0_r02[12]' driven by pin 'u_logic/vis_r2_o[12]' has no loads. (LINT-2)
Warning: In design 'CORTEXM0DS', net 'cm0_r02[13]' driven by pin 'u_logic/vis_r2_o[13]' has no loads. (LINT-2)
Warning: In design 'CORTEXM0DS', net 'cm0_r02[14]' driven by pin 'u_logic/vis_r2_o[14]' has no loads. (LINT-2)
Warning: In design 'CORTEXM0DS', net 'cm0_r02[15]' driven by pin 'u_logic/vis_r2_o[15]' has no loads. (LINT-2)
Warning: In design 'CORTEXM0DS', net 'cm0_r02[16]' driven by pin 'u_logic/vis_r2_o[16]' has no loads. (LINT-2)
Warning: In design 'CORTEXM0DS', net 'cm0_r02[17]' driven by pin 'u_logic/vis_r2_o[17]' has no loads. (LINT-2)
Warning: In design 'CORTEXM0DS', net 'cm0_r02[18]' driven by pin 'u_logic/vis_r2_o[18]' has no loads. (LINT-2)
Warning: In design 'CORTEXM0DS', net 'cm0_r02[19]' driven by pin 'u_logic/vis_r2_o[19]' has no loads. (LINT-2)
Warning: In design 'CORTEXM0DS', net 'cm0_r02[20]' driven by pin 'u_logic/vis_r2_o[20]' has no loads. (LINT-2)
Warning: In design 'CORTEXM0DS', net 'cm0_r02[21]' driven by pin 'u_logic/vis_r2_o[21]' has no loads. (LINT-2)
Warning: In design 'CORTEXM0DS', net 'cm0_r02[22]' driven by pin 'u_logic/vis_r2_o[22]' has no loads. (LINT-2)
Warning: In design 'CORTEXM0DS', net 'cm0_r02[23]' driven by pin 'u_logic/vis_r2_o[23]' has no loads. (LINT-2)
Warning: In design 'CORTEXM0DS', net 'cm0_r02[24]' driven by pin 'u_logic/vis_r2_o[24]' has no loads. (LINT-2)
Warning: In design 'CORTEXM0DS', net 'cm0_r02[25]' driven by pin 'u_logic/vis_r2_o[25]' has no loads. (LINT-2)
Warning: In design 'CORTEXM0DS', net 'cm0_r02[26]' driven by pin 'u_logic/vis_r2_o[26]' has no loads. (LINT-2)
Warning: In design 'CORTEXM0DS', net 'cm0_r02[27]' driven by pin 'u_logic/vis_r2_o[27]' has no loads. (LINT-2)
Warning: In design 'CORTEXM0DS', net 'cm0_r02[28]' driven by pin 'u_logic/vis_r2_o[28]' has no loads. (LINT-2)
Warning: In design 'CORTEXM0DS', net 'cm0_r02[29]' driven by pin 'u_logic/vis_r2_o[29]' has no loads. (LINT-2)
Warning: In design 'CORTEXM0DS', net 'cm0_r02[30]' driven by pin 'u_logic/vis_r2_o[30]' has no loads. (LINT-2)
Warning: In design 'CORTEXM0DS', net 'cm0_r02[31]' driven by pin 'u_logic/vis_r2_o[31]' has no loads. (LINT-2)
Warning: In design 'CORTEXM0DS', net 'cm0_r01[0]' driven by pin 'u_logic/vis_r1_o[0]' has no loads. (LINT-2)
Warning: In design 'CORTEXM0DS', net 'cm0_r01[1]' driven by pin 'u_logic/vis_r1_o[1]' has no loads. (LINT-2)
Warning: In design 'CORTEXM0DS', net 'cm0_r01[2]' driven by pin 'u_logic/vis_r1_o[2]' has no loads. (LINT-2)
Warning: In design 'CORTEXM0DS', net 'cm0_r01[3]' driven by pin 'u_logic/vis_r1_o[3]' has no loads. (LINT-2)
Warning: In design 'CORTEXM0DS', net 'cm0_r01[4]' driven by pin 'u_logic/vis_r1_o[4]' has no loads. (LINT-2)
Warning: In design 'CORTEXM0DS', net 'cm0_r01[5]' driven by pin 'u_logic/vis_r1_o[5]' has no loads. (LINT-2)
Warning: In design 'CORTEXM0DS', net 'cm0_r01[6]' driven by pin 'u_logic/vis_r1_o[6]' has no loads. (LINT-2)
Warning: In design 'CORTEXM0DS', net 'cm0_r01[7]' driven by pin 'u_logic/vis_r1_o[7]' has no loads. (LINT-2)
Warning: In design 'CORTEXM0DS', net 'cm0_r01[8]' driven by pin 'u_logic/vis_r1_o[8]' has no loads. (LINT-2)
Warning: In design 'CORTEXM0DS', net 'cm0_r01[9]' driven by pin 'u_logic/vis_r1_o[9]' has no loads. (LINT-2)
Warning: In design 'CORTEXM0DS', net 'cm0_r01[10]' driven by pin 'u_logic/vis_r1_o[10]' has no loads. (LINT-2)
Warning: In design 'CORTEXM0DS', net 'cm0_r01[11]' driven by pin 'u_logic/vis_r1_o[11]' has no loads. (LINT-2)
Warning: In design 'CORTEXM0DS', net 'cm0_r01[12]' driven by pin 'u_logic/vis_r1_o[12]' has no loads. (LINT-2)
Warning: In design 'CORTEXM0DS', net 'cm0_r01[13]' driven by pin 'u_logic/vis_r1_o[13]' has no loads. (LINT-2)
Warning: In design 'CORTEXM0DS', net 'cm0_r01[14]' driven by pin 'u_logic/vis_r1_o[14]' has no loads. (LINT-2)
Warning: In design 'CORTEXM0DS', net 'cm0_r01[15]' driven by pin 'u_logic/vis_r1_o[15]' has no loads. (LINT-2)
Warning: In design 'CORTEXM0DS', net 'cm0_r01[16]' driven by pin 'u_logic/vis_r1_o[16]' has no loads. (LINT-2)
Warning: In design 'CORTEXM0DS', net 'cm0_r01[17]' driven by pin 'u_logic/vis_r1_o[17]' has no loads. (LINT-2)
Warning: In design 'CORTEXM0DS', net 'cm0_r01[18]' driven by pin 'u_logic/vis_r1_o[18]' has no loads. (LINT-2)
Warning: In design 'CORTEXM0DS', net 'cm0_r01[19]' driven by pin 'u_logic/vis_r1_o[19]' has no loads. (LINT-2)
Warning: In design 'CORTEXM0DS', net 'cm0_r01[20]' driven by pin 'u_logic/vis_r1_o[20]' has no loads. (LINT-2)
Warning: In design 'CORTEXM0DS', net 'cm0_r01[21]' driven by pin 'u_logic/vis_r1_o[21]' has no loads. (LINT-2)
Warning: In design 'CORTEXM0DS', net 'cm0_r01[22]' driven by pin 'u_logic/vis_r1_o[22]' has no loads. (LINT-2)
Warning: In design 'CORTEXM0DS', net 'cm0_r01[23]' driven by pin 'u_logic/vis_r1_o[23]' has no loads. (LINT-2)
Warning: In design 'CORTEXM0DS', net 'cm0_r01[24]' driven by pin 'u_logic/vis_r1_o[24]' has no loads. (LINT-2)
Warning: In design 'CORTEXM0DS', net 'cm0_r01[25]' driven by pin 'u_logic/vis_r1_o[25]' has no loads. (LINT-2)
Warning: In design 'CORTEXM0DS', net 'cm0_r01[26]' driven by pin 'u_logic/vis_r1_o[26]' has no loads. (LINT-2)
Warning: In design 'CORTEXM0DS', net 'cm0_r01[27]' driven by pin 'u_logic/vis_r1_o[27]' has no loads. (LINT-2)
Warning: In design 'CORTEXM0DS', net 'cm0_r01[28]' driven by pin 'u_logic/vis_r1_o[28]' has no loads. (LINT-2)
Warning: In design 'CORTEXM0DS', net 'cm0_r01[29]' driven by pin 'u_logic/vis_r1_o[29]' has no loads. (LINT-2)
Warning: In design 'CORTEXM0DS', net 'cm0_r01[30]' driven by pin 'u_logic/vis_r1_o[30]' has no loads. (LINT-2)
Warning: In design 'CORTEXM0DS', net 'cm0_r01[31]' driven by pin 'u_logic/vis_r1_o[31]' has no loads. (LINT-2)
Warning: In design 'CORTEXM0DS', net 'cm0_r00[0]' driven by pin 'u_logic/vis_r0_o[0]' has no loads. (LINT-2)
Warning: In design 'CORTEXM0DS', net 'cm0_r00[1]' driven by pin 'u_logic/vis_r0_o[1]' has no loads. (LINT-2)
Warning: In design 'CORTEXM0DS', net 'cm0_r00[2]' driven by pin 'u_logic/vis_r0_o[2]' has no loads. (LINT-2)
Warning: In design 'CORTEXM0DS', net 'cm0_r00[3]' driven by pin 'u_logic/vis_r0_o[3]' has no loads. (LINT-2)
Warning: In design 'CORTEXM0DS', net 'cm0_r00[4]' driven by pin 'u_logic/vis_r0_o[4]' has no loads. (LINT-2)
Warning: In design 'CORTEXM0DS', net 'cm0_r00[5]' driven by pin 'u_logic/vis_r0_o[5]' has no loads. (LINT-2)
Warning: In design 'CORTEXM0DS', net 'cm0_r00[6]' driven by pin 'u_logic/vis_r0_o[6]' has no loads. (LINT-2)
Warning: In design 'CORTEXM0DS', net 'cm0_r00[7]' driven by pin 'u_logic/vis_r0_o[7]' has no loads. (LINT-2)
Warning: In design 'CORTEXM0DS', net 'cm0_r00[8]' driven by pin 'u_logic/vis_r0_o[8]' has no loads. (LINT-2)
Warning: In design 'CORTEXM0DS', net 'cm0_r00[9]' driven by pin 'u_logic/vis_r0_o[9]' has no loads. (LINT-2)
Warning: In design 'CORTEXM0DS', net 'cm0_r00[10]' driven by pin 'u_logic/vis_r0_o[10]' has no loads. (LINT-2)
Warning: In design 'CORTEXM0DS', net 'cm0_r00[11]' driven by pin 'u_logic/vis_r0_o[11]' has no loads. (LINT-2)
Warning: In design 'CORTEXM0DS', net 'cm0_r00[12]' driven by pin 'u_logic/vis_r0_o[12]' has no loads. (LINT-2)
Warning: In design 'CORTEXM0DS', net 'cm0_r00[13]' driven by pin 'u_logic/vis_r0_o[13]' has no loads. (LINT-2)
Warning: In design 'CORTEXM0DS', net 'cm0_r00[14]' driven by pin 'u_logic/vis_r0_o[14]' has no loads. (LINT-2)
Warning: In design 'CORTEXM0DS', net 'cm0_r00[15]' driven by pin 'u_logic/vis_r0_o[15]' has no loads. (LINT-2)
Warning: In design 'CORTEXM0DS', net 'cm0_r00[16]' driven by pin 'u_logic/vis_r0_o[16]' has no loads. (LINT-2)
Warning: In design 'CORTEXM0DS', net 'cm0_r00[17]' driven by pin 'u_logic/vis_r0_o[17]' has no loads. (LINT-2)
Warning: In design 'CORTEXM0DS', net 'cm0_r00[18]' driven by pin 'u_logic/vis_r0_o[18]' has no loads. (LINT-2)
Warning: In design 'CORTEXM0DS', net 'cm0_r00[19]' driven by pin 'u_logic/vis_r0_o[19]' has no loads. (LINT-2)
Warning: In design 'CORTEXM0DS', net 'cm0_r00[20]' driven by pin 'u_logic/vis_r0_o[20]' has no loads. (LINT-2)
Warning: In design 'CORTEXM0DS', net 'cm0_r00[21]' driven by pin 'u_logic/vis_r0_o[21]' has no loads. (LINT-2)
Warning: In design 'CORTEXM0DS', net 'cm0_r00[22]' driven by pin 'u_logic/vis_r0_o[22]' has no loads. (LINT-2)
Warning: In design 'CORTEXM0DS', net 'cm0_r00[23]' driven by pin 'u_logic/vis_r0_o[23]' has no loads. (LINT-2)
Warning: In design 'CORTEXM0DS', net 'cm0_r00[24]' driven by pin 'u_logic/vis_r0_o[24]' has no loads. (LINT-2)
Warning: In design 'CORTEXM0DS', net 'cm0_r00[25]' driven by pin 'u_logic/vis_r0_o[25]' has no loads. (LINT-2)
Warning: In design 'CORTEXM0DS', net 'cm0_r00[26]' driven by pin 'u_logic/vis_r0_o[26]' has no loads. (LINT-2)
Warning: In design 'CORTEXM0DS', net 'cm0_r00[27]' driven by pin 'u_logic/vis_r0_o[27]' has no loads. (LINT-2)
Warning: In design 'CORTEXM0DS', net 'cm0_r00[28]' driven by pin 'u_logic/vis_r0_o[28]' has no loads. (LINT-2)
Warning: In design 'CORTEXM0DS', net 'cm0_r00[29]' driven by pin 'u_logic/vis_r0_o[29]' has no loads. (LINT-2)
Warning: In design 'CORTEXM0DS', net 'cm0_r00[30]' driven by pin 'u_logic/vis_r0_o[30]' has no loads. (LINT-2)
Warning: In design 'CORTEXM0DS', net 'cm0_r00[31]' driven by pin 'u_logic/vis_r0_o[31]' has no loads. (LINT-2)
Warning: In design 'CORTEXM0DS', net 'u_logic/net5881' driven by pin 'u_logic/add_2072/Z_0' has no loads. (LINT-2)
Warning: In design 'CORTEXM0DS', net 'u_logic/net5880' driven by pin 'u_logic/add_2073/Z_0' has no loads. (LINT-2)
Warning: In design 'CORTEXM0DS', net 'u_logic/net5879' driven by pin 'u_logic/add_2082/Z_0' has no loads. (LINT-2)
Warning: In design 'CORTEXM0DS', net 'u_logic/net5878' driven by pin 'u_logic/sub_2069/Z_0' has no loads. (LINT-2)
Warning: In design 'cortexm0ds_logic', output port 'hburst_o[2]' is connected directly to output port 'htrans_o[0]'. (LINT-31)
Warning: In design 'cortexm0ds_logic', output port 'hburst_o[2]' is connected directly to output port 'hsize_o[2]'. (LINT-31)
Warning: In design 'cortexm0ds_logic', output port 'hburst_o[2]' is connected directly to output port 'hmastlock_o'. (LINT-31)
Warning: In design 'cortexm0ds_logic', output port 'hburst_o[2]' is connected directly to output port 'hburst_o[0]'. (LINT-31)
Warning: In design 'cortexm0ds_logic', output port 'hburst_o[2]' is connected directly to output port 'hburst_o[1]'. (LINT-31)
Warning: In design 'cortexm0ds_logic', output port 'hburst_o[2]' is connected directly to 'logic 0'. (LINT-52)
Warning: In design 'cortexm0ds_logic', output port 'hburst_o[1]' is connected directly to 'logic 0'. (LINT-52)
Warning: In design 'cortexm0ds_logic', output port 'hburst_o[0]' is connected directly to 'logic 0'. (LINT-52)
Warning: In design 'cortexm0ds_logic', output port 'hmastlock_o' is connected directly to 'logic 0'. (LINT-52)
Warning: In design 'cortexm0ds_logic', output port 'hprot_o[1]' is connected directly to 'logic 1'. (LINT-52)
Warning: In design 'cortexm0ds_logic', output port 'hsize_o[2]' is connected directly to 'logic 0'. (LINT-52)
Warning: In design 'cortexm0ds_logic', output port 'htrans_o[0]' is connected directly to 'logic 0'. (LINT-52)
1
