 
****************************************
Report : timing
        -path full
        -delay max
        -nets
        -max_paths 1
        -transition_time
Design : CORTEXM0DS
Scenario(s): mode_norm.slow.RCmax mode_norm.worst_low.RCmax mode_norm.fast.RCmin
Version: P-2019.03-SP1
Date   : Thu Sep 26 23:25:14 2019
****************************************

 * Some/all delay information is back-annotated.
Wire Load Model Mode: Inactive.

  Startpoint: u_logic_Vac3z4_reg
              (rising edge-triggered flip-flop clocked by HCLK)
  Endpoint: u_logic_Dy23z4_reg
            (rising edge-triggered flip-flop clocked by HCLK)
  Scenario: mode_norm.slow.RCmax
  Path Group: HCLK
  Path Type: max

Attributes:
    d - dont_touch
    u - dont_use
   mo - map_only
   so - size_only
    i - ideal_net or ideal_network
  inf - infeasible path

  Point                        Fanout     Trans      Incr       Path      Attributes     Voltage
  ----------------------------------------------------------------------------------------------------
  clock HCLK (rise edge)                             0.00       0.00                     
  clock network delay (ideal)                        0.00       0.00                     
  u_logic_Vac3z4_reg/CLK (SDFFRNQ_X1)      0.00      0.00       0.00 r                   0.72
  u_logic_Vac3z4_reg/Q (SDFFRNQ_X1)       11.07     15.23      15.23 r                   0.72
  u_logic_T1i2z4[1] (net)        5                   0.00      15.23 r                   
  U7611/ZN (NAND2_X1)                     11.40      7.86 *    23.09 f                   0.72
  n6406 (net)                    2                   0.00      23.09 f                   
  U7643/ZN (AOI21_X1)                      6.60      6.01 *    29.10 r                   0.72
  n6409 (net)                    1                   0.00      29.10 r                   
  U7646/ZN (AOI21_X1)                     14.47      8.34 *    37.44 f                   0.72
  n7280 (net)                    5                   0.00      37.44 f                   
  U7647/ZN (NAND2_X1)                      5.54      3.15 *    40.59 r                   0.72
  n6411 (net)                    1                   0.00      40.59 r                   
  U7648/ZN (OAI21_X1)                     11.99      6.39 *    46.98 f                   0.72
  n6429 (net)                    3                   0.00      46.98 f                   
  U7229/ZN (OAI22_X1)                      9.38      6.03 *    53.01 r                   0.72
  n11849 (net)                   1                   0.00      53.01 r                   
  U7227/ZN (INV_X1)                        3.70      2.65 *    55.66 f                   0.72
  n11848 (net)                   1                   0.00      55.66 f                   
  U7149/ZN (AOI21_X1)                      7.65      3.77 *    59.44 r                   0.72
  n6426 (net)                    1                   0.00      59.44 r                   
  U7664/ZN (NAND2_X1)                      7.05      4.67 *    64.10 f                   0.72
  n7279 (net)                    2                   0.00      64.10 f                   
  U7665/ZN (NAND2_X1)                      6.55      4.71 *    68.81 r                   0.72
  n7624 (net)                    3                   0.00      68.81 r                   
  U7666/ZN (INV_X1)                        6.39      4.73 *    73.54 f                   0.72
  n6462 (net)                    4                   0.00      73.54 f                   
  U7697/ZN (NAND2_X1)                      5.15      2.64 *    76.18 r                   0.72
  n6460 (net)                    1                   0.00      76.18 r                   
  U7698/ZN (OAI21_X1)                     11.08      6.33 *    82.51 f                   0.72
  n6563 (net)                    3                   0.00      82.51 f                   
  U7701/ZN (OAI22_X1)                      9.10      5.81 *    88.32 r                   0.72
  n6468 (net)                    1                   0.00      88.32 r                   
  U7703/ZN (NAND2_X1)                      5.32      3.88 *    92.20 f                   0.72
  n6469 (net)                    1                   0.00      92.20 f                   
  U7704/ZN (NOR2_X1)                       7.11      4.45 *    96.65 r                   0.72
  n7625 (net)                    2                   0.00      96.65 r                   
  U7705/ZN (NOR2_X1)                       6.15      4.66 *   101.31 f                   0.72
  n7623 (net)                    3                   0.00     101.31 f                   
  U7706/ZN (INV_X1)                        8.11      5.51 *   106.83 r                   0.72
  n7286 (net)                    5                   0.00     106.83 r                   
  U7777/ZN (NAND2_X1)                      7.07      5.09 *   111.91 f                   0.72
  n6559 (net)                    2                   0.00     111.91 f                   
  U7778/ZN (OAI21_X1)                      6.05      3.46 *   115.38 r                   0.72
  n6547 (net)                    1                   0.00     115.38 r                   
  U7779/ZN (INV_X1)                        2.89      2.30 *   117.68 f                   0.72
  n6548 (net)                    1                   0.00     117.68 f                   
  U7780/ZN (OAI22_X1)                      8.53      4.03 *   121.71 r                   0.72
  n6550 (net)                    1                   0.00     121.71 r                   
  U7782/ZN (NAND2_X1)                      5.52      4.03 *   125.74 f                   0.72
  n6551 (net)                    1                   0.00     125.74 f                   
  U7783/ZN (NOR2_X1)                       7.23      4.60 *   130.34 r                   0.72
  n6558 (net)                    2                   0.00     130.34 r                   
  U7784/ZN (NOR2_X1)                      12.59      8.11 *   138.45 f                   0.72
  n7515 (net)                    8                   0.00     138.45 f                   
  U7785/ZN (NAND2_X1)                      5.00      3.50 *   141.95 r                   0.72
  n6555 (net)                    1                   0.00     141.95 r                   
  U7786/ZN (OAI21_X1)                     13.74      6.21 *   148.16 f                   0.72
  n6570 (net)                    2                   0.00     148.16 f                   
  U7787/ZN (INV_X1)                        6.35      4.98 *   153.14 r                   0.72
  n6565 (net)                    2                   0.00     153.14 r                   
  U7788/ZN (NAND2_X1)                      4.55      3.44 *   156.58 f                   0.72
  n6557 (net)                    1                   0.00     156.58 f                   
  U7789/ZN (NAND2_X1)                      4.54      2.28 *   158.86 r                   0.72
  n6566 (net)                    1                   0.00     158.86 r                   
  U7795/ZN (OAI22_X1)                      7.53      3.80 *   162.66 f                   0.72
  n6567 (net)                    1                   0.00     162.66 f                   
  U7797/ZN (AOI21_X1)                     15.71      8.80 *   171.46 r                   0.72
  n7154 (net)                    5                   0.00     171.46 r                   
  U7799/ZN (OAI21_X1)                     13.17      8.81 *   180.28 f                   0.72
  n6589 (net)                    4                   0.00     180.28 f                   
  U7808/ZN (NAND2_X1)                      5.93      2.96 *   183.24 r                   0.72
  n6577 (net)                    1                   0.00     183.24 r                   
  U7813/ZN (NAND2_X1)                      4.52      3.21 *   186.44 f                   0.72
  n6581 (net)                    1                   0.00     186.44 f                   
  U7817/ZN (OAI22_X1)                     10.18      3.76 *   190.20 r                   0.72
  n6582 (net)                    1                   0.00     190.20 r                   
  U7818/ZN (NAND2_X1)                      7.28      4.96 *   195.16 f                   0.72
  n7517 (net)                    2                   0.00     195.16 f                   
  U7819/ZN (OAI21_X1)                     11.09      5.06 *   200.21 r                   0.72
  n7294 (net)                    3                   0.00     200.21 r                   
  U7820/ZN (INV_X1)                        5.57      4.23 *   204.44 f                   0.72
  n7153 (net)                    2                   0.00     204.44 f                   
  U8577/ZN (NOR2_X1)                      14.41      7.33 *   211.77 r                   0.72
  n7900 (net)                    4                   0.00     211.77 r                   
  U8578/ZN (INV_X1)                        6.49      4.79 *   216.55 f                   0.72
  n7292 (net)                    2                   0.00     216.55 f                   
  U8580/ZN (OAI21_X1)                     15.95      8.62 *   225.18 r                   0.72
  n10127 (net)                   4                   0.00     225.18 r                   
  U8584/ZN (OAI21_X1)                      8.55      6.46 *   231.64 f                   0.72
  n7157 (net)                    1                   0.00     231.64 f                   
  U8585/ZN (NOR2_X1)                       8.05      4.75 *   236.39 r                   0.72
  n7164 (net)                    1                   0.00     236.39 r                   
  U8598/ZN (OAI22_X1)                     13.92      5.20 *   241.59 f                   0.72
  n7165 (net)                    1                   0.00     241.59 f                   
  U8599/ZN (AOI21_X1)                     21.96      8.45 *   250.04 r                   0.72
  n7248 (net)                    3                   0.00     250.04 r                   
  U8601/ZN (AOI22_X1)                     13.38      8.92 *   258.96 f                   0.72
  n7189 (net)                    2                   0.00     258.96 f                   
  U8629/ZN (INV_X1)                        4.93      3.21 *   262.18 r                   0.72
  n7186 (net)                    1                   0.00     262.18 r                   
  U8631/ZN (OAI22_X1)                      7.11      4.06 *   266.23 f                   0.72
  n7188 (net)                    1                   0.00     266.23 f                   
  U8632/ZN (OAI21_X1)                      7.25      3.43 *   269.67 r                   0.72
  n7212 (net)                    1                   0.00     269.67 r                   
  U8661/ZN (NAND2_X1)                      9.43      6.10 *   275.77 f                   0.72
  n7939 (net)                    3                   0.00     275.77 f                   
  U8021/Z (AND2_X1)                        4.31      5.59 *   281.35 f                   0.72
  n11765 (net)                   2                   0.00     281.35 f                   
  U5162/ZN (NAND2_X1)                     14.10      7.94 *   289.29 r                   0.72
  n8243 (net)                    8                   0.00     289.29 r                   
  U9616/ZN (NAND3_X1)                     20.46     13.28 *   302.58 f                   0.72
  n8338 (net)                    2                   0.00     302.58 f                   
  U9617/ZN (INV_X1)                        7.06      7.16 *   309.73 r                   0.72
  n8033 (net)                    1                   0.00     309.73 r                   
  U9626/ZN (NAND4_X1)                    113.96     48.99 *   358.73 f                   0.72
  u_logic_Xmzvx4 (net)          16                   0.00     358.73 f                   
  u_logic_Dy23z4_reg/D (SDFFSNQ_X1)      124.27     25.25 *   383.97 f                   0.72
  data arrival time                                           383.97                     

  clock HCLK (rise edge)                           500.00     500.00                     
  clock network delay (ideal)                        0.00     500.00                     
  clock uncertainty                                 -0.05     499.95                     
  u_logic_Dy23z4_reg/CLK (SDFFSNQ_X1)                0.00     499.95 r                   
  library setup time                               -22.30     477.65                     
  data required time                                          477.65                     
  ----------------------------------------------------------------------------------------------------
  data required time                                          477.65                     
  data arrival time                                          -383.97                     
  ----------------------------------------------------------------------------------------------------
  slack (MET)                                                  93.68                     


  Startpoint: HRDATA[7] (input port clocked by HCLK)
  Endpoint: u_logic_Dy23z4_reg
            (rising edge-triggered flip-flop clocked by HCLK)
  Scenario: mode_norm.slow.RCmax
  Path Group: REGIN
  Path Type: max

Attributes:
    d - dont_touch
    u - dont_use
   mo - map_only
   so - size_only
    i - ideal_net or ideal_network
  inf - infeasible path

  Point                        Fanout     Trans      Incr       Path      Attributes     Voltage
  ----------------------------------------------------------------------------------------------------
  clock HCLK (rise edge)                             0.00       0.00                     
  clock network delay (ideal)                        0.00       0.00                     
  input external delay                             120.00     120.00 f                   
  HRDATA[7] (in)                          10.98      5.72     125.72 f                   
  HRDATA[7] (net)                3                   0.00     125.72 f                   
  U8645/ZN (AOI22_X1)                     15.28      9.33 *   135.05 r                   0.72
  n7204 (net)                    1                   0.00     135.05 r                   
  U8656/ZN (NAND4_X1)                     37.64     18.67 *   153.72 f                   0.72
  n8117 (net)                    5                   0.00     153.72 f                   
  U8657/ZN (OAI21_X1)                     13.24      8.06 *   161.78 r                   0.72
  n7208 (net)                    1                   0.00     161.78 r                   
  U8659/ZN (NAND3_X1)                      9.14      5.70 *   167.48 f                   0.72
  n7209 (net)                    1                   0.00     167.48 f                   
  U8660/ZN (NOR2_X1)                       5.33      3.60 *   171.08 r                   0.72
  n7211 (net)                    1                   0.00     171.08 r                   
  U8661/ZN (NAND2_X1)                      9.43      5.57 *   176.65 f                   0.72
  n7939 (net)                    3                   0.00     176.65 f                   
  U8021/Z (AND2_X1)                        4.31      5.59 *   182.24 f                   0.72
  n11765 (net)                   2                   0.00     182.24 f                   
  U5162/ZN (NAND2_X1)                     14.10      7.94 *   190.18 r                   0.72
  n8243 (net)                    8                   0.00     190.18 r                   
  U9616/ZN (NAND3_X1)                     20.46     13.28 *   203.46 f                   0.72
  n8338 (net)                    2                   0.00     203.46 f                   
  U9617/ZN (INV_X1)                        7.06      7.16 *   210.62 r                   0.72
  n8033 (net)                    1                   0.00     210.62 r                   
  U9626/ZN (NAND4_X1)                    113.96     48.99 *   259.61 f                   0.72
  u_logic_Xmzvx4 (net)          16                   0.00     259.61 f                   
  u_logic_Dy23z4_reg/D (SDFFSNQ_X1)      124.27     25.25 *   284.85 f                   0.72
  data arrival time                                           284.85                     

  clock HCLK (rise edge)                           500.00     500.00                     
  clock network delay (ideal)                        0.00     500.00                     
  clock uncertainty                                 -0.05     499.95                     
  u_logic_Dy23z4_reg/CLK (SDFFSNQ_X1)                0.00     499.95 r                   
  library setup time                               -22.30     477.65                     
  data required time                                          477.65                     
  ----------------------------------------------------------------------------------------------------
  data required time                                          477.65                     
  data arrival time                                          -284.85                     
  ----------------------------------------------------------------------------------------------------
  slack (MET)                                                 192.80                     


  Startpoint: u_logic_Sjj2z4_reg
              (rising edge-triggered flip-flop clocked by HCLK)
  Endpoint: HTRANS[1] (output port clocked by HCLK)
  Scenario: mode_norm.slow.RCmax
  Path Group: REGOUT
  Path Type: max

Attributes:
    d - dont_touch
    u - dont_use
   mo - map_only
   so - size_only
    i - ideal_net or ideal_network
  inf - infeasible path

  Point                        Fanout     Trans      Incr       Path      Attributes     Voltage
  ----------------------------------------------------------------------------------------------------
  clock HCLK (rise edge)                             0.00       0.00                     
  clock network delay (ideal)                        0.00       0.00                     
  u_logic_Sjj2z4_reg/CLK (SDFFSNQ_X1)      0.00      0.00       0.00 r                   0.72
  u_logic_Sjj2z4_reg/Q (SDFFSNQ_X1)        9.09     12.35      12.35 r                   0.72
  u_logic_Tjh2z4[0] (net)        5                   0.00      12.35 r                   
  U5081/ZN (INV_X1)                        4.88      4.23 *    16.58 f                   0.72
  n4623 (net)                    2                   0.00      16.58 f                   
  U5082/ZN (NOR2_X1)                      11.13      6.17 *    22.75 r                   0.72
  n4617 (net)                    3                   0.00      22.75 r                   
  U5113/ZN (INV_X1)                        5.38      4.14 *    26.90 f                   0.72
  n4619 (net)                    2                   0.00      26.90 f                   
  U5114/ZN (NOR2_X1)                     100.41     46.33 *    73.22 r                   0.72
  n5230 (net)                   32                   0.00      73.22 r                   
  U5863/ZN (AOI22_X1)                     31.59     27.06 *   100.29 f                   0.72
  n5039 (net)                    1                   0.00     100.29 f                   
  U5865/ZN (NAND3_X1)                     21.07     13.06 *   113.34 r                   0.72
  n7609 (net)                    5                   0.00     113.34 r                   
  U5866/ZN (INV_X1)                        8.27      9.56 *   122.91 f                   0.72
  n7352 (net)                    2                   0.00     122.91 f                   
  U5870/ZN (NAND4_X1)                     14.69      4.04 *   126.95 r                   0.72
  n5045 (net)                    1                   0.00     126.95 r                   
  U5871/ZN (AOI22_X1)                     18.11      9.02 *   135.97 f                   0.72
  n8106 (net)                    2                   0.00     135.97 f                   
  U5872/ZN (NOR2_X1)                      10.72      8.05 *   144.01 r                   0.72
  n5913 (net)                    2                   0.00     144.01 r                   
  U5888/ZN (NAND2_X1)                     13.41      7.62 *   151.63 f                   0.72
  n5915 (net)                    3                   0.00     151.63 f                   
  U5890/ZN (OAI21_X1)                     11.54      7.11 *   158.74 r                   0.72
  n5902 (net)                    2                   0.00     158.74 r                   
  U6083/ZN (AOI21_X2)                      8.26      6.12 *   164.86 f                   0.72
  n5878 (net)                    2                   0.00     164.86 f                   
  U5540/ZN (OAI21_X2)                      6.95      5.24 *   170.10 r                   0.72
  n5887 (net)                    2                   0.00     170.10 r                   
  U5995/ZN (AOI21_X2)                      6.82      5.11 *   175.21 f                   0.72
  n5955 (net)                    2                   0.00     175.21 f                   
  U6036/ZN (OAI21_X2)                      7.55      4.98 *   180.18 r                   0.72
  n5960 (net)                    2                   0.00     180.18 r                   
  U6243/ZN (AOI21_X2)                      6.29      4.94 *   185.12 f                   0.72
  n11328 (net)                   2                   0.00     185.12 f                   
  U6133/ZN (OAI21_X2)                      7.72      4.24 *   189.36 r                   0.72
  n5877 (net)                    2                   0.00     189.36 r                   
  U6185/ZN (AOI21_X2)                      5.96      4.53 *   193.89 f                   0.72
  n5971 (net)                    2                   0.00     193.89 f                   
  U6232/ZN (OAI21_X2)                      7.35      4.32 *   198.20 r                   0.72
  n5975 (net)                    2                   0.00     198.20 r                   
  U6277/ZN (AOI21_X2)                      5.81      4.47 *   202.68 f                   0.72
  n5981 (net)                    2                   0.00     202.68 f                   
  U6627/ZN (OAI21_X2)                      8.62      4.88 *   207.55 r                   0.72
  n5986 (net)                    3                   0.00     207.55 r                   
  U6624/ZN (AOI21_X2)                      5.16      4.02 *   211.58 f                   0.72
  n5991 (net)                    1                   0.00     211.58 f                   
  U6407/ZN (OAI21_X2)                      9.42      5.04 *   216.62 r                   0.72
  n5873 (net)                    3                   0.00     216.62 r                   
  U6570/ZN (INV_X1)                        3.67      2.81 *   219.42 f                   0.72
  n11333 (net)                   1                   0.00     219.42 f                   
  U5149/ZN (OAI21_X1)                      7.52      4.51 *   223.93 r                   0.72
  n6001 (net)                    1                   0.00     223.93 r                   
  U6940/ZN (AOI21_X2)                      7.54      5.52 *   229.45 f                   0.72
  n6007 (net)                    3                   0.00     229.45 f                   
  U5172/ZN (INV_X1)                        3.38      3.37 *   232.82 r                   0.72
  n11556 (net)                   1                   0.00     232.82 r                   
  U5201/ZN (AOI21_X1)                      6.03      3.84 *   236.66 f                   0.72
  n6018 (net)                    2                   0.00     236.66 f                   
  U5256/ZN (OAI21_X1)                      8.64      5.45 *   242.11 r                   0.72
  n6027 (net)                    2                   0.00     242.11 r                   
  U7336/ZN (AOI21_X1)                     10.74      7.03 *   249.14 f                   0.72
  n6031 (net)                    3                   0.00     249.14 f                   
  U6143/ZN (OAI21_X1)                      7.14      4.91 *   254.05 r                   0.72
  n6064 (net)                    1                   0.00     254.05 r                   
  U6976/CO (FA_X1)                         4.61      9.49 *   263.55 r                   0.72
  n6223 (net)                    1                   0.00     263.55 r                   
  U7272/S (FA_X1)                          7.26     15.15 *   278.70 f                   0.72
  n6221 (net)                    2                   0.00     278.70 f                   
  U5288/ZN (NAND2_X1)                      5.35      4.09 *   282.79 r                   0.72
  n11577 (net)                   2                   0.00     282.79 r                   
  U6319/Z (XOR2_X1)                        8.20      6.44 *   289.23 r                   0.72
  n8792 (net)                    2                   0.00     289.23 r                   
  U7302/ZN (AOI21_X1)                     27.98      5.18 *   294.41 f                   0.72
  n6863 (net)                    2                   0.00     294.41 f                   
  U8250/ZN (NAND2_X1)                     11.23      5.95 *   300.37 r                   0.72
  n11475 (net)                   2                   0.00     300.37 r                   
  U6623/ZN (NAND4_X1)                     13.32      7.63 *   307.99 f                   0.72
  n11584 (net)                   1                   0.00     307.99 f                   
  U6114/ZN (AOI21_X1)                      7.62      4.92 *   312.91 r                   0.72
  n11572 (net)                   1                   0.00     312.91 r                   
  U5490/ZN (NOR2_X1)                       5.94      4.46 *   317.37 f                   0.72
  HTRANS[1] (net)                1                   0.00     317.37 f                   
  HTRANS[1] (out)                          5.94      0.66 *   318.03 f                   
  data arrival time                                           318.03                     

  clock HCLK (rise edge)                           500.00     500.00                     
  clock network delay (ideal)                        0.00     500.00                     
  clock uncertainty                                 -0.05     499.95                     
  output external delay                           -120.00     379.95                     
  data required time                                          379.95                     
  ----------------------------------------------------------------------------------------------------
  data required time                                          379.95                     
  data arrival time                                          -318.03                     
  ----------------------------------------------------------------------------------------------------
  slack (MET)                                                  61.92                     


  Startpoint: u_logic_Hub3z4_reg
              (rising edge-triggered flip-flop clocked by HCLK)
  Endpoint: u_logic_Sr53z4_reg
            (rising edge-triggered flip-flop clocked by HCLK)
  Scenario: mode_norm.worst_low.RCmax
  Path Group: HCLK
  Path Type: max

Attributes:
    d - dont_touch
    u - dont_use
   mo - map_only
   so - size_only
    i - ideal_net or ideal_network
  inf - infeasible path

  Point                        Fanout     Trans      Incr       Path      Attributes     Voltage
  ----------------------------------------------------------------------------------------------------
  clock HCLK (rise edge)                             0.00       0.00                     
  clock network delay (ideal)                        0.00       0.00                     
  u_logic_Hub3z4_reg/CLK (SDFFRNQ_X1)      0.00      0.00       0.00 r                   0.72
  u_logic_Hub3z4_reg/Q (SDFFRNQ_X1)       12.18     19.18      19.18 r                   0.72
  u_logic_T1i2z4[3] (net)        5                   0.00      19.18 r                   
  U7608/ZN (NAND2_X1)                     10.90     10.03 *    29.20 f                   0.72
  n6412 (net)                    2                   0.00      29.20 f                   
  U7650/ZN (AOI21_X1)                      5.69      8.19 *    37.39 r                   0.72
  n6417 (net)                    1                   0.00      37.39 r                   
  U7654/ZN (AOI21_X1)                     13.16      9.09 *    46.48 f                   0.72
  n7281 (net)                    5                   0.00      46.48 f                   
  U7655/ZN (NAND2_X1)                      4.84      5.21 *    51.69 r                   0.72
  n6418 (net)                    1                   0.00      51.69 r                   
  U7656/ZN (OAI21_X1)                     11.04      7.64 *    59.34 f                   0.72
  n6431 (net)                    3                   0.00      59.34 f                   
  U7229/ZN (OAI22_X1)                      7.82      7.68 *    67.01 r                   0.72
  n11849 (net)                   1                   0.00      67.01 r                   
  U7227/ZN (INV_X1)                        3.26      3.19 *    70.20 f                   0.72
  n11848 (net)                   1                   0.00      70.20 f                   
  U7149/ZN (AOI21_X1)                      6.42      5.11 *    75.32 r                   0.72
  n6426 (net)                    1                   0.00      75.32 r                   
  U7664/ZN (NAND2_X1)                      6.39      5.59 *    80.91 f                   0.72
  n7279 (net)                    2                   0.00      80.91 f                   
  U7665/ZN (NAND2_X1)                      6.82      6.14 *    87.05 r                   0.72
  n7624 (net)                    3                   0.00      87.05 r                   
  U7666/ZN (INV_X1)                        6.66      5.81 *    92.86 f                   0.72
  n6462 (net)                    4                   0.00      92.86 f                   
  U7697/ZN (NAND2_X1)                      4.36      3.80 *    96.65 r                   0.72
  n6460 (net)                    1                   0.00      96.65 r                   
  U7698/ZN (OAI21_X1)                      9.95      7.41 *   104.06 f                   0.72
  n6563 (net)                    3                   0.00     104.06 f                   
  U7701/ZN (OAI22_X1)                      7.69      7.15 *   111.22 r                   0.72
  n6468 (net)                    1                   0.00     111.22 r                   
  U7703/ZN (NAND2_X1)                      4.53      4.19 *   115.41 f                   0.72
  n6469 (net)                    1                   0.00     115.41 f                   
  U7704/ZN (NOR2_X1)                       6.81      5.89 *   121.29 r                   0.72
  n7625 (net)                    2                   0.00     121.29 r                   
  U7705/ZN (NOR2_X1)                       6.14      5.68 *   126.97 f                   0.72
  n7623 (net)                    3                   0.00     126.97 f                   
  U7706/ZN (INV_X1)                        9.19      7.37 *   134.34 r                   0.72
  n7286 (net)                    5                   0.00     134.34 r                   
  U7777/ZN (NAND2_X1)                      6.71      5.92 *   140.26 f                   0.72
  n6559 (net)                    2                   0.00     140.26 f                   
  U7778/ZN (OAI21_X1)                      5.31      4.74 *   145.00 r                   0.72
  n6547 (net)                    1                   0.00     145.00 r                   
  U7779/ZN (INV_X1)                        2.61      2.75 *   147.75 f                   0.72
  n6548 (net)                    1                   0.00     147.75 f                   
  U7780/ZN (OAI22_X1)                      7.33      5.39 *   153.13 r                   0.72
  n6550 (net)                    1                   0.00     153.13 r                   
  U7782/ZN (NAND2_X1)                      4.79      4.38 *   157.51 f                   0.72
  n6551 (net)                    1                   0.00     157.51 f                   
  U7783/ZN (NOR2_X1)                       6.88      6.05 *   163.56 r                   0.72
  n6558 (net)                    2                   0.00     163.56 r                   
  U7784/ZN (NOR2_X1)                      13.36      9.92 *   173.48 f                   0.72
  n7515 (net)                    8                   0.00     173.48 f                   
  U7785/ZN (NAND2_X1)                      4.83      5.42 *   178.90 r                   0.72
  n6555 (net)                    1                   0.00     178.90 r                   
  U7786/ZN (OAI21_X1)                     12.52      7.42 *   186.32 f                   0.72
  n6570 (net)                    2                   0.00     186.32 f                   
  U7787/ZN (INV_X1)                        6.02      6.63 *   192.96 r                   0.72
  n6565 (net)                    2                   0.00     192.96 r                   
  U7788/ZN (NAND2_X1)                      4.05      3.82 *   196.77 f                   0.72
  n6557 (net)                    1                   0.00     196.77 f                   
  U7789/ZN (NAND2_X1)                      4.22      3.00 *   199.78 r                   0.72
  n6566 (net)                    1                   0.00     199.78 r                   
  U7795/ZN (OAI22_X1)                      6.20      4.30 *   204.08 f                   0.72
  n6567 (net)                    1                   0.00     204.08 f                   
  U7797/ZN (AOI21_X1)                     15.71     10.73 *   214.81 r                   0.72
  n7154 (net)                    5                   0.00     214.81 r                   
  U7799/ZN (OAI21_X1)                     12.05     10.13 *   224.94 f                   0.72
  n6589 (net)                    4                   0.00     224.94 f                   
  U7808/ZN (NAND2_X1)                      4.99      4.64 *   229.58 r                   0.72
  n6577 (net)                    1                   0.00     229.58 r                   
  U7813/ZN (NAND2_X1)                      3.78      3.45 *   233.03 f                   0.72
  n6581 (net)                    1                   0.00     233.03 f                   
  U7817/ZN (OAI22_X1)                      8.58      4.31 *   237.34 r                   0.72
  n6582 (net)                    1                   0.00     237.34 r                   
  U7818/ZN (NAND2_X1)                      6.22      5.99 *   243.33 f                   0.72
  n7517 (net)                    2                   0.00     243.33 f                   
  U7819/ZN (OAI21_X1)                     10.73      6.54 *   249.87 r                   0.72
  n7294 (net)                    3                   0.00     249.87 r                   
  U7820/ZN (INV_X1)                        5.31      5.17 *   255.03 f                   0.72
  n7153 (net)                    2                   0.00     255.03 f                   
  U8577/ZN (NOR2_X1)                      13.88      9.55 *   264.58 r                   0.72
  n7900 (net)                    4                   0.00     264.58 r                   
  U8578/ZN (INV_X1)                        6.16      5.85 *   270.44 f                   0.72
  n7292 (net)                    2                   0.00     270.44 f                   
  U8580/ZN (OAI21_X1)                     16.03     11.30 *   281.73 r                   0.72
  n10127 (net)                   4                   0.00     281.73 r                   
  U8584/ZN (OAI21_X1)                      7.16      7.38 *   289.11 f                   0.72
  n7157 (net)                    1                   0.00     289.11 f                   
  U8585/ZN (NOR2_X1)                       7.38      6.48 *   295.59 r                   0.72
  n7164 (net)                    1                   0.00     295.59 r                   
  U8598/ZN (OAI22_X1)                     11.25      5.80 *   301.39 f                   0.72
  n7165 (net)                    1                   0.00     301.39 f                   
  U8599/ZN (AOI21_X1)                     20.63     11.24 *   312.64 r                   0.72
  n7248 (net)                    3                   0.00     312.64 r                   
  U8601/ZN (AOI22_X1)                     11.32      9.92 *   322.55 f                   0.72
  n7189 (net)                    2                   0.00     322.55 f                   
  U8629/ZN (INV_X1)                        4.42      4.50 *   327.06 r                   0.72
  n7186 (net)                    1                   0.00     327.06 r                   
  U8631/ZN (OAI22_X1)                      6.03      4.98 *   332.03 f                   0.72
  n7188 (net)                    1                   0.00     332.03 f                   
  U8632/ZN (OAI21_X1)                      6.04      4.52 *   336.55 r                   0.72
  n7212 (net)                    1                   0.00     336.55 r                   
  U8661/ZN (NAND2_X1)                      8.51      6.52 *   343.07 f                   0.72
  n7939 (net)                    3                   0.00     343.07 f                   
  U8021/Z (AND2_X1)                        4.46      7.46 *   350.53 f                   0.72
  n11765 (net)                   2                   0.00     350.53 f                   
  U5628/Z (AND4_X1)                        2.91      5.79 *   356.32 f                   0.72
  n7427 (net)                    1                   0.00     356.32 f                   
  U8968/ZN (NAND2_X1)                     10.79      7.58 *   363.90 r                   0.72
  n7834 (net)                    3                   0.00     363.90 r                   
  U8970/ZN (NAND2_X1)                     18.19     11.93 *   375.83 f                   0.72
  n10514 (net)                   3                   0.00     375.83 f                   
  U9415/ZN (INV_X1)                       11.99     12.01 *   387.84 r                   0.72
  n10500 (net)                   5                   0.00     387.84 r                   
  U9585/ZN (NAND4_X1)                     98.84     53.18 *   441.01 f                   0.72
  u_logic_Mc0wx4 (net)          16                   0.00     441.01 f                   
  u_logic_Sr53z4_reg/D (SDFFSNQ_X1)      106.81     20.93 *   461.95 f                   0.72
  data arrival time                                           461.95                     

  clock HCLK (rise edge)                           500.00     500.00                     
  clock network delay (ideal)                        0.00     500.00                     
  clock uncertainty                                 -0.05     499.95                     
  u_logic_Sr53z4_reg/CLK (SDFFSNQ_X1)                0.00     499.95 r                   
  library setup time                               -28.54     471.41                     
  data required time                                          471.41                     
  ----------------------------------------------------------------------------------------------------
  data required time                                          471.41                     
  data arrival time                                          -461.95                     
  ----------------------------------------------------------------------------------------------------
  slack (MET)                                                   9.46                     


  Startpoint: HRDATA[7] (input port clocked by HCLK)
  Endpoint: u_logic_Sr53z4_reg
            (rising edge-triggered flip-flop clocked by HCLK)
  Scenario: mode_norm.worst_low.RCmax
  Path Group: REGIN
  Path Type: max

Attributes:
    d - dont_touch
    u - dont_use
   mo - map_only
   so - size_only
    i - ideal_net or ideal_network
  inf - infeasible path

  Point                        Fanout     Trans      Incr       Path      Attributes     Voltage
  ----------------------------------------------------------------------------------------------------
  clock HCLK (rise edge)                             0.00       0.00                     
  clock network delay (ideal)                        0.00       0.00                     
  input external delay                             120.00     120.00 f                   
  HRDATA[7] (in)                          11.87      7.10     127.10 f                   
  HRDATA[7] (net)                3                   0.00     127.10 f                   
  U8645/ZN (AOI22_X1)                     13.14     11.34 *   138.43 r                   0.72
  n7204 (net)                    1                   0.00     138.43 r                   
  U8656/ZN (NAND4_X1)                     32.46     20.45 *   158.88 f                   0.72
  n8117 (net)                    5                   0.00     158.88 f                   
  U8657/ZN (OAI21_X1)                     10.21     11.49 *   170.37 r                   0.72
  n7208 (net)                    1                   0.00     170.37 r                   
  U8659/ZN (NAND3_X1)                      6.98      5.53 *   175.91 f                   0.72
  n7209 (net)                    1                   0.00     175.91 f                   
  U8660/ZN (NOR2_X1)                       4.55      5.01 *   180.92 r                   0.72
  n7211 (net)                    1                   0.00     180.92 r                   
  U8661/ZN (NAND2_X1)                      8.51      6.52 *   187.44 f                   0.72
  n7939 (net)                    3                   0.00     187.44 f                   
  U8021/Z (AND2_X1)                        4.46      7.46 *   194.90 f                   0.72
  n11765 (net)                   2                   0.00     194.90 f                   
  U5628/Z (AND4_X1)                        2.91      5.79 *   200.68 f                   0.72
  n7427 (net)                    1                   0.00     200.68 f                   
  U8968/ZN (NAND2_X1)                     10.79      7.58 *   208.26 r                   0.72
  n7834 (net)                    3                   0.00     208.26 r                   
  U8970/ZN (NAND2_X1)                     18.19     11.93 *   220.19 f                   0.72
  n10514 (net)                   3                   0.00     220.19 f                   
  U9415/ZN (INV_X1)                       11.99     12.01 *   232.20 r                   0.72
  n10500 (net)                   5                   0.00     232.20 r                   
  U9585/ZN (NAND4_X1)                     98.84     53.18 *   285.38 f                   0.72
  u_logic_Mc0wx4 (net)          16                   0.00     285.38 f                   
  u_logic_Sr53z4_reg/D (SDFFSNQ_X1)      106.81     20.93 *   306.31 f                   0.72
  data arrival time                                           306.31                     

  clock HCLK (rise edge)                           500.00     500.00                     
  clock network delay (ideal)                        0.00     500.00                     
  clock uncertainty                                 -0.05     499.95                     
  u_logic_Sr53z4_reg/CLK (SDFFSNQ_X1)                0.00     499.95 r                   
  library setup time                               -28.54     471.41                     
  data required time                                          471.41                     
  ----------------------------------------------------------------------------------------------------
  data required time                                          471.41                     
  data arrival time                                          -306.31                     
  ----------------------------------------------------------------------------------------------------
  slack (MET)                                                 165.09                     


  Startpoint: u_logic_Fij2z4_reg
              (rising edge-triggered flip-flop clocked by HCLK)
  Endpoint: HTRANS[1] (output port clocked by HCLK)
  Scenario: mode_norm.worst_low.RCmax
  Path Group: REGOUT
  Path Type: max

Attributes:
    d - dont_touch
    u - dont_use
   mo - map_only
   so - size_only
    i - ideal_net or ideal_network
  inf - infeasible path

  Point                        Fanout     Trans      Incr       Path      Attributes     Voltage
  ----------------------------------------------------------------------------------------------------
  clock HCLK (rise edge)                             0.00       0.00                     
  clock network delay (ideal)                        0.00       0.00                     
  u_logic_Fij2z4_reg/CLK (SDFFRNQ_X1)      0.00      0.00       0.00 r                   0.72
  u_logic_Fij2z4_reg/Q (SDFFRNQ_X1)       39.10     34.29      34.29 r                   0.72
  u_logic_Mcgvx4 (net)          18                   0.00      34.29 r                   
  U7252/ZN (INV_X1)                       12.19      9.76 *    44.05 f                   0.72
  n11693 (net)                   1                   0.00      44.05 f                   
  U5194/ZN (NAND2_X1)                     29.89     20.33 *    64.38 r                   0.72
  n10223 (net)                  12                   0.00      64.38 r                   
  U5477/ZN (INV_X1)                       23.67     23.47 *    87.85 f                   0.72
  n11256 (net)                  11                   0.00      87.85 f                   
  U5206/ZN (AOI21_X1)                     10.44     12.23 *   100.07 r                   0.72
  n4647 (net)                    1                   0.00     100.07 r                   
  U5221/ZN (NAND4_X1)                     18.97     12.93 *   113.00 f                   0.72
  n4654 (net)                    2                   0.00     113.00 f                   
  U5242/ZN (NOR2_X1)                      28.56     21.34 *   134.35 r                   0.72
  n4844 (net)                    8                   0.00     134.35 r                   
  U7983/Z (BUF_X4)                        13.50     16.62 *   150.97 r                   0.72
  n11510 (net)                  25                   0.00     150.97 r                   
  U5871/ZN (AOI22_X1)                     16.17     10.82 *   161.79 f                   0.72
  n8106 (net)                    2                   0.00     161.79 f                   
  U5872/ZN (NOR2_X1)                      10.15      9.56 *   171.35 r                   0.72
  n5913 (net)                    2                   0.00     171.35 r                   
  U5888/ZN (NAND2_X1)                     11.85      8.43 *   179.78 f                   0.72
  n5915 (net)                    3                   0.00     179.78 f                   
  U5890/ZN (OAI21_X1)                     10.89      9.76 *   189.54 r                   0.72
  n5902 (net)                    2                   0.00     189.54 r                   
  U6083/ZN (AOI21_X2)                      7.39      6.87 *   196.41 f                   0.72
  n5878 (net)                    2                   0.00     196.41 f                   
  U6793/ZN (INV_X2)                        5.01      5.23 *   201.64 r                   0.72
  n5943 (net)                    3                   0.00     201.64 r                   
  U7358/ZN (AOI21_X2)                      5.58      4.31 *   205.95 f                   0.72
  n5939 (net)                    2                   0.00     205.95 f                   
  U6795/ZN (OAI21_X1)                      6.41      5.50 *   211.45 r                   0.72
  n5886 (net)                    1                   0.00     211.45 r                   
  U6799/Z (XOR2_X1)                       11.80     10.72 *   222.17 r                   0.72
  n6692 (net)                    2                   0.00     222.17 r                   
  U6706/ZN (NAND2_X2)                      6.31      6.04 *   228.21 f                   0.72
  n6948 (net)                    2                   0.00     228.21 f                   
  U6665/ZN (NOR2_X2)                       4.83      4.30 *   232.51 r                   0.72
  n5950 (net)                    1                   0.00     232.51 r                   
  U6871/ZN (NAND2_X2)                      5.14      3.99 *   236.50 f                   0.72
  n6957 (net)                    2                   0.00     236.50 f                   
  U7015/ZN (NOR3_X1)                       6.71      6.28 *   242.78 r                   0.72
  n6979 (net)                    1                   0.00     242.78 r                   
  U8355/CO (HA_X1)                         7.89     11.67 *   254.45 r                   0.72
  n6704 (net)                    2                   0.00     254.45 r                   
  U6888/ZN (NAND2_X2)                      7.49      6.06 *   260.51 f                   0.72
  n6688 (net)                    3                   0.00     260.51 f                   
  U7315/ZN (NOR3_X2)                      10.08      7.59 *   268.10 r                   0.72
  n11739 (net)                   3                   0.00     268.10 r                   
  U6100/ZN (NAND3_X1)                     11.25      8.44 *   276.54 f                   0.72
  n11590 (net)                   2                   0.00     276.54 f                   
  U6708/ZN (NOR2_X2)                       5.80      5.55 *   282.10 r                   0.72
  n7011 (net)                    2                   0.00     282.10 r                   
  U5522/ZN (NAND2_X1)                      8.39      6.51 *   288.60 f                   0.72
  n6009 (net)                    3                   0.00     288.60 f                   
  U5239/ZN (NOR2_X1)                       7.33      6.56 *   295.16 r                   0.72
  n11586 (net)                   1                   0.00     295.16 r                   
  U6922/ZN (NAND2_X2)                      4.88      4.59 *   299.75 f                   0.72
  n7038 (net)                    2                   0.00     299.75 f                   
  U6927/ZN (NOR2_X1)                       4.26      4.02 *   303.77 r                   0.72
  n7045 (net)                    1                   0.00     303.77 r                   
  U5280/ZN (INV_X1)                        4.17      3.80 *   307.56 f                   0.72
  n11596 (net)                   2                   0.00     307.56 f                   
  U5505/ZN (NOR3_X1)                       6.85      6.26 *   313.82 r                   0.72
  n6859 (net)                    1                   0.00     313.82 r                   
  U8246/CO (HA_X1)                         3.56      8.76 *   322.58 r                   0.72
  n6215 (net)                    1                   0.00     322.58 r                   
  U7262/CO (HA_X1)                         6.63     10.04 *   332.61 r                   0.72
  n6222 (net)                    2                   0.00     332.61 r                   
  U6296/Z (XOR2_X1)                        8.31      8.93 *   341.55 r                   0.72
  n9955 (net)                    2                   0.00     341.55 r                   
  U7138/ZN (AOI21_X1)                     20.52      5.89 *   347.44 f                   0.72
  n6211 (net)                    1                   0.00     347.44 f                   
  U7258/ZN (NAND2_X2)                      7.10      6.89 *   354.33 r                   0.72
  n11476 (net)                   3                   0.00     354.33 r                   
  U7300/Z (OR2_X1)                         5.65      7.85 *   362.17 r                   0.72
  n11477 (net)                   3                   0.00     362.17 r                   
  U5400/ZN (NAND3_X1)                     10.11      6.73 *   368.90 f                   0.72
  n7080 (net)                    2                   0.00     368.90 f                   
  U5403/ZN (INV_X1)                        5.08      5.18 *   374.08 r                   0.72
  n11588 (net)                   1                   0.00     374.08 r                   
  U5490/ZN (NOR2_X1)                       5.80      5.11 *   379.19 f                   0.72
  HTRANS[1] (net)                1                   0.00     379.19 f                   
  HTRANS[1] (out)                          5.80      0.66 *   379.85 f                   
  data arrival time                                           379.85                     

  clock HCLK (rise edge)                           500.00     500.00                     
  clock network delay (ideal)                        0.00     500.00                     
  clock uncertainty                                 -0.05     499.95                     
  output external delay                           -120.00     379.95                     
  data required time                                          379.95                     
  ----------------------------------------------------------------------------------------------------
  data required time                                          379.95                     
  data arrival time                                          -379.85                     
  ----------------------------------------------------------------------------------------------------
  slack (MET)                                                   0.10                     


  Startpoint: u_logic_Vac3z4_reg
              (rising edge-triggered flip-flop clocked by HCLK)
  Endpoint: u_logic_Sr53z4_reg
            (rising edge-triggered flip-flop clocked by HCLK)
  Scenario: mode_norm.fast.RCmin
  Path Group: HCLK
  Path Type: max

Attributes:
    d - dont_touch
    u - dont_use
   mo - map_only
   so - size_only
    i - ideal_net or ideal_network
  inf - infeasible path

  Point                        Fanout     Trans      Incr       Path      Attributes     Voltage
  ----------------------------------------------------------------------------------------------------
  clock HCLK (rise edge)                             0.00       0.00                     
  clock network delay (ideal)                        0.00       0.00                     
  u_logic_Vac3z4_reg/CLK (SDFFRNQ_X1)      0.00      0.00       0.00 r                   0.88
  u_logic_Vac3z4_reg/Q (SDFFRNQ_X1)       10.44     15.23      15.23 r                   0.88
  u_logic_T1i2z4[1] (net)        5                   0.00      15.23 r                   
  U7611/ZN (NAND2_X1)                      9.63      7.26 *    22.50 f                   0.88
  n6406 (net)                    2                   0.00      22.50 f                   
  U7643/ZN (AOI21_X1)                      5.50      6.08 *    28.58 r                   0.88
  n6409 (net)                    1                   0.00      28.58 r                   
  U7646/ZN (AOI21_X1)                     12.64      7.76 *    36.34 f                   0.88
  n7280 (net)                    5                   0.00      36.34 f                   
  U7647/ZN (NAND2_X1)                      4.45      3.51 *    39.85 r                   0.88
  n6411 (net)                    1                   0.00      39.85 r                   
  U7648/ZN (OAI21_X1)                     10.36      6.04 *    45.89 f                   0.88
  n6429 (net)                    3                   0.00      45.89 f                   
  U7229/ZN (OAI22_X1)                      7.69      5.92 *    51.81 r                   0.88
  n11849 (net)                   1                   0.00      51.81 r                   
  U7227/ZN (INV_X1)                        3.08      2.44 *    54.25 f                   0.88
  n11848 (net)                   1                   0.00      54.25 f                   
  U7149/ZN (AOI21_X1)                      6.25      3.90 *    58.14 r                   0.88
  n6426 (net)                    1                   0.00      58.14 r                   
  U7664/ZN (NAND2_X1)                      6.06      4.37 *    62.51 f                   0.88
  n7279 (net)                    2                   0.00      62.51 f                   
  U7665/ZN (NAND2_X1)                      6.03      4.82 *    67.34 r                   0.88
  n7624 (net)                    3                   0.00      67.34 r                   
  U7666/ZN (INV_X1)                        6.00      4.62 *    71.95 f                   0.88
  n6462 (net)                    4                   0.00      71.95 f                   
  U7697/ZN (NAND2_X1)                      4.20      2.82 *    74.77 r                   0.88
  n6460 (net)                    1                   0.00      74.77 r                   
  U7698/ZN (OAI21_X1)                      9.51      6.01 *    80.78 f                   0.88
  n6563 (net)                    3                   0.00      80.78 f                   
  U7701/ZN (OAI22_X1)                      7.50      5.69 *    86.47 r                   0.88
  n6468 (net)                    1                   0.00      86.47 r                   
  U7703/ZN (NAND2_X1)                      4.56      3.45 *    89.92 f                   0.88
  n6469 (net)                    1                   0.00      89.92 f                   
  U7704/ZN (NOR2_X1)                       6.30      4.55 *    94.47 r                   0.88
  n7625 (net)                    2                   0.00      94.47 r                   
  U7705/ZN (NOR2_X1)                       5.60      4.50 *    98.96 f                   0.88
  n7623 (net)                    3                   0.00      98.96 f                   
  U7706/ZN (INV_X1)                        7.87      5.77 *   104.73 r                   0.88
  n7286 (net)                    5                   0.00     104.73 r                   
  U7777/ZN (NAND2_X1)                      6.31      4.78 *   109.51 f                   0.88
  n6559 (net)                    2                   0.00     109.51 f                   
  U7778/ZN (OAI21_X1)                      4.97      3.64 *   113.15 r                   0.88
  n6547 (net)                    1                   0.00     113.15 r                   
  U7779/ZN (INV_X1)                        2.47      2.13 *   115.28 f                   0.88
  n6548 (net)                    1                   0.00     115.28 f                   
  U7780/ZN (OAI22_X1)                      7.14      4.14 *   119.42 r                   0.88
  n6550 (net)                    1                   0.00     119.42 r                   
  U7782/ZN (NAND2_X1)                      4.70      3.57 *   123.00 f                   0.88
  n6551 (net)                    1                   0.00     123.00 f                   
  U7783/ZN (NOR2_X1)                       6.38      4.68 *   127.67 r                   0.88
  n6558 (net)                    2                   0.00     127.67 r                   
  U7784/ZN (NOR2_X1)                      11.90      8.02 *   135.70 f                   0.88
  n7515 (net)                    8                   0.00     135.70 f                   
  U7785/ZN (NAND2_X1)                      4.24      3.87 *   139.56 r                   0.88
  n6555 (net)                    1                   0.00     139.56 r                   
  U7786/ZN (OAI21_X1)                     11.39      5.79 *   145.35 f                   0.88
  n6570 (net)                    2                   0.00     145.35 f                   
  U7787/ZN (INV_X1)                        5.32      5.01 *   150.37 r                   0.88
  n6565 (net)                    2                   0.00     150.37 r                   
  U7788/ZN (NAND2_X1)                      3.86      3.06 *   153.43 f                   0.88
  n6557 (net)                    1                   0.00     153.43 f                   
  U7789/ZN (NAND2_X1)                      3.92      2.37 *   155.80 r                   0.88
  n6566 (net)                    1                   0.00     155.80 r                   
  U7795/ZN (OAI22_X1)                      6.17      3.52 *   159.31 f                   0.88
  n6567 (net)                    1                   0.00     159.31 f                   
  U7797/ZN (AOI21_X1)                     14.42      8.75 *   168.06 r                   0.88
  n7154 (net)                    5                   0.00     168.06 r                   
  U7799/ZN (OAI21_X1)                     11.61      8.23 *   176.29 f                   0.88
  n6589 (net)                    4                   0.00     176.29 f                   
  U7808/ZN (NAND2_X1)                      4.76      3.32 *   179.61 r                   0.88
  n6577 (net)                    1                   0.00     179.61 r                   
  U7813/ZN (NAND2_X1)                      3.85      2.84 *   182.45 f                   0.88
  n6581 (net)                    1                   0.00     182.45 f                   
  U7817/ZN (OAI22_X1)                      8.38      3.55 *   186.00 r                   0.88
  n6582 (net)                    1                   0.00     186.00 r                   
  U7818/ZN (NAND2_X1)                      6.14      4.61 *   190.61 f                   0.88
  n7517 (net)                    2                   0.00     190.61 f                   
  U7819/ZN (OAI21_X1)                      9.86      5.14 *   195.75 r                   0.88
  n7294 (net)                    3                   0.00     195.75 r                   
  U7820/ZN (INV_X1)                        4.86      3.97 *   199.72 f                   0.88
  n7153 (net)                    2                   0.00     199.72 f                   
  U8577/ZN (NOR2_X1)                      12.67      7.37 *   207.09 r                   0.88
  n7900 (net)                    4                   0.00     207.09 r                   
  U8578/ZN (INV_X1)                        5.53      4.40 *   211.49 f                   0.88
  n7292 (net)                    2                   0.00     211.49 f                   
  U8580/ZN (OAI21_X1)                     14.04      8.60 *   220.09 r                   0.88
  n10127 (net)                   4                   0.00     220.09 r                   
  U8584/ZN (OAI21_X1)                      6.78      5.79 *   225.89 f                   0.88
  n7157 (net)                    1                   0.00     225.89 f                   
  U8585/ZN (NOR2_X1)                       6.64      4.66 *   230.54 r                   0.88
  n7164 (net)                    1                   0.00     230.54 r                   
  U8598/ZN (OAI22_X1)                     10.52      4.71 *   235.25 f                   0.88
  n7165 (net)                    1                   0.00     235.25 f                   
  U8599/ZN (AOI21_X1)                     18.22      8.36 *   243.61 r                   0.88
  n7248 (net)                    3                   0.00     243.61 r                   
  U8601/ZN (AOI22_X1)                     10.67      7.91 *   251.52 f                   0.88
  n7189 (net)                    2                   0.00     251.52 f                   
  U8629/ZN (INV_X1)                        3.92      3.29 *   254.81 r                   0.88
  n7186 (net)                    1                   0.00     254.81 r                   
  U8631/ZN (OAI22_X1)                      5.94      3.89 *   258.70 f                   0.88
  n7188 (net)                    1                   0.00     258.70 f                   
  U8632/ZN (OAI21_X1)                      5.63      3.52 *   262.22 r                   0.88
  n7212 (net)                    1                   0.00     262.22 r                   
  U8661/ZN (NAND2_X1)                      8.10      5.45 *   267.67 f                   0.88
  n7939 (net)                    3                   0.00     267.67 f                   
  U8021/Z (AND2_X1)                        3.91      5.70 *   273.38 f                   0.88
  n11765 (net)                   2                   0.00     273.38 f                   
  U5628/Z (AND4_X1)                        2.65      4.45 *   277.83 f                   0.88
  n7427 (net)                    1                   0.00     277.83 f                   
  U8968/ZN (NAND2_X1)                      8.55      5.63 *   283.46 r                   0.88
  n7834 (net)                    3                   0.00     283.46 r                   
  U8970/ZN (NAND2_X1)                     15.68      9.56 *   293.02 f                   0.88
  n10514 (net)                   3                   0.00     293.02 f                   
  U9415/ZN (INV_X1)                       10.24      9.11 *   302.13 r                   0.88
  n10500 (net)                   5                   0.00     302.13 r                   
  U9585/ZN (NAND4_X1)                     85.89     41.20 *   343.32 f                   0.88
  u_logic_Mc0wx4 (net)          16                   0.00     343.32 f                   
  u_logic_Sr53z4_reg/D (SDFFSNQ_X1)       92.48     17.85 *   361.17 f                   0.88
  data arrival time                                           361.17                     

  clock HCLK (rise edge)                           500.00     500.00                     
  clock network delay (ideal)                        0.00     500.00                     
  clock uncertainty                                 -0.05     499.95                     
  u_logic_Sr53z4_reg/CLK (SDFFSNQ_X1)                0.00     499.95 r                   
  library setup time                               -21.59     478.36                     
  data required time                                          478.36                     
  ----------------------------------------------------------------------------------------------------
  data required time                                          478.36                     
  data arrival time                                          -361.17                     
  ----------------------------------------------------------------------------------------------------
  slack (MET)                                                 117.19                     


  Startpoint: HRDATA[7] (input port clocked by HCLK)
  Endpoint: u_logic_Sr53z4_reg
            (rising edge-triggered flip-flop clocked by HCLK)
  Scenario: mode_norm.fast.RCmin
  Path Group: REGIN
  Path Type: max

Attributes:
    d - dont_touch
    u - dont_use
   mo - map_only
   so - size_only
    i - ideal_net or ideal_network
  inf - infeasible path

  Point                        Fanout     Trans      Incr       Path      Attributes     Voltage
  ----------------------------------------------------------------------------------------------------
  clock HCLK (rise edge)                             0.00       0.00                     
  clock network delay (ideal)                        0.00       0.00                     
  input external delay                             120.00     120.00 f                   
  HRDATA[7] (in)                           9.71      5.37     125.37 f                   
  HRDATA[7] (net)                3                   0.00     125.37 f                   
  U8645/ZN (AOI22_X1)                     11.78      8.88 *   134.25 r                   0.88
  n7204 (net)                    1                   0.00     134.25 r                   
  U8656/ZN (NAND4_X1)                     31.20     16.40 *   150.64 f                   0.88
  n8117 (net)                    5                   0.00     150.64 f                   
  U8657/ZN (OAI21_X1)                      9.79      8.62 *   159.26 r                   0.88
  n7208 (net)                    1                   0.00     159.26 r                   
  U8659/ZN (NAND3_X1)                      6.95      4.62 *   163.88 f                   0.88
  n7209 (net)                    1                   0.00     163.88 f                   
  U8660/ZN (NOR2_X1)                       4.35      3.66 *   167.54 r                   0.88
  n7211 (net)                    1                   0.00     167.54 r                   
  U8661/ZN (NAND2_X1)                      8.10      5.27 *   172.81 f                   0.88
  n7939 (net)                    3                   0.00     172.81 f                   
  U8021/Z (AND2_X1)                        3.91      5.70 *   178.51 f                   0.88
  n11765 (net)                   2                   0.00     178.51 f                   
  U5628/Z (AND4_X1)                        2.65      4.45 *   182.96 f                   0.88
  n7427 (net)                    1                   0.00     182.96 f                   
  U8968/ZN (NAND2_X1)                      8.55      5.63 *   188.59 r                   0.88
  n7834 (net)                    3                   0.00     188.59 r                   
  U8970/ZN (NAND2_X1)                     15.68      9.56 *   198.15 f                   0.88
  n10514 (net)                   3                   0.00     198.15 f                   
  U9415/ZN (INV_X1)                       10.24      9.11 *   207.26 r                   0.88
  n10500 (net)                   5                   0.00     207.26 r                   
  U9585/ZN (NAND4_X1)                     85.89     41.20 *   248.46 f                   0.88
  u_logic_Mc0wx4 (net)          16                   0.00     248.46 f                   
  u_logic_Sr53z4_reg/D (SDFFSNQ_X1)       92.48     17.85 *   266.31 f                   0.88
  data arrival time                                           266.31                     

  clock HCLK (rise edge)                           500.00     500.00                     
  clock network delay (ideal)                        0.00     500.00                     
  clock uncertainty                                 -0.05     499.95                     
  u_logic_Sr53z4_reg/CLK (SDFFSNQ_X1)                0.00     499.95 r                   
  library setup time                               -21.59     478.36                     
  data required time                                          478.36                     
  ----------------------------------------------------------------------------------------------------
  data required time                                          478.36                     
  data arrival time                                          -266.31                     
  ----------------------------------------------------------------------------------------------------
  slack (MET)                                                 212.05                     


  Startpoint: u_logic_Sjj2z4_reg
              (rising edge-triggered flip-flop clocked by HCLK)
  Endpoint: HTRANS[1] (output port clocked by HCLK)
  Scenario: mode_norm.fast.RCmin
  Path Group: REGOUT
  Path Type: max

Attributes:
    d - dont_touch
    u - dont_use
   mo - map_only
   so - size_only
    i - ideal_net or ideal_network
  inf - infeasible path

  Point                        Fanout     Trans      Incr       Path      Attributes     Voltage
  ----------------------------------------------------------------------------------------------------
  clock HCLK (rise edge)                             0.00       0.00                     
  clock network delay (ideal)                        0.00       0.00                     
  u_logic_Sjj2z4_reg/CLK (SDFFSNQ_X1)      0.00      0.00       0.00 r                   0.88
  u_logic_Sjj2z4_reg/Q (SDFFSNQ_X1)        8.60     12.62      12.62 r                   0.88
  u_logic_Tjh2z4[0] (net)        5                   0.00      12.62 r                   
  U5081/ZN (INV_X1)                        4.43      4.06 *    16.68 f                   0.88
  n4623 (net)                    2                   0.00      16.68 f                   
  U5082/ZN (NOR2_X1)                      10.05      6.06 *    22.74 r                   0.88
  n4617 (net)                    3                   0.00      22.74 r                   
  U5113/ZN (INV_X1)                        4.72      3.91 *    26.65 f                   0.88
  n4619 (net)                    2                   0.00      26.65 f                   
  U5114/ZN (NOR2_X1)                      90.26     45.10 *    71.75 r                   0.88
  n5230 (net)                   32                   0.00      71.75 r                   
  U5863/ZN (AOI22_X1)                     22.26     22.67 *    94.42 f                   0.88
  n5039 (net)                    1                   0.00      94.42 f                   
  U5865/ZN (NAND3_X1)                     16.31     12.35 *   106.77 r                   0.88
  n7609 (net)                    5                   0.00     106.77 r                   
  U5866/ZN (INV_X1)                        6.53      8.43 *   115.20 f                   0.88
  n7352 (net)                    2                   0.00     115.20 f                   
  U5870/ZN (NAND4_X1)                     10.04      4.01 *   119.21 r                   0.88
  n5045 (net)                    1                   0.00     119.21 r                   
  U5871/ZN (AOI22_X1)                     14.30      7.96 *   127.17 f                   0.88
  n8106 (net)                    2                   0.00     127.17 f                   
  U5872/ZN (NOR2_X1)                       9.03      7.58 *   134.75 r                   0.88
  n5913 (net)                    2                   0.00     134.75 r                   
  U5888/ZN (NAND2_X1)                     11.26      6.92 *   141.67 f                   0.88
  n5915 (net)                    3                   0.00     141.67 f                   
  U5890/ZN (OAI21_X1)                     10.04      7.29 *   148.96 r                   0.88
  n5902 (net)                    2                   0.00     148.96 r                   
  U6083/ZN (AOI21_X2)                      7.02      5.59 *   154.55 f                   0.88
  n5878 (net)                    2                   0.00     154.55 f                   
  U5540/ZN (OAI21_X2)                      5.93      5.10 *   159.65 r                   0.88
  n5887 (net)                    2                   0.00     159.65 r                   
  U5995/ZN (AOI21_X2)                      5.83      4.67 *   164.32 f                   0.88
  n5955 (net)                    2                   0.00     164.32 f                   
  U6036/ZN (OAI21_X2)                      6.13      4.82 *   169.14 r                   0.88
  n5960 (net)                    2                   0.00     169.14 r                   
  U6243/ZN (AOI21_X2)                      5.40      4.46 *   173.59 f                   0.88
  n11328 (net)                   2                   0.00     173.59 f                   
  U6133/ZN (OAI21_X2)                      6.08      4.15 *   177.75 r                   0.88
  n5877 (net)                    2                   0.00     177.75 r                   
  U6185/ZN (AOI21_X2)                      4.98      4.02 *   181.76 f                   0.88
  n5971 (net)                    2                   0.00     181.76 f                   
  U6232/ZN (OAI21_X2)                      5.91      4.20 *   185.96 r                   0.88
  n5975 (net)                    2                   0.00     185.96 r                   
  U6277/ZN (AOI21_X2)                      4.90      3.99 *   189.95 f                   0.88
  n5981 (net)                    2                   0.00     189.95 f                   
  U6627/ZN (OAI21_X2)                      7.14      4.77 *   194.72 r                   0.88
  n5986 (net)                    3                   0.00     194.72 r                   
  U6624/ZN (AOI21_X2)                      4.30      3.63 *   198.35 f                   0.88
  n5991 (net)                    1                   0.00     198.35 f                   
  U6407/ZN (OAI21_X2)                      7.91      4.94 *   203.30 r                   0.88
  n5873 (net)                    3                   0.00     203.30 r                   
  U6570/ZN (INV_X1)                        3.07      2.58 *   205.87 f                   0.88
  n11333 (net)                   1                   0.00     205.87 f                   
  U5149/ZN (OAI21_X1)                      6.63      4.45 *   210.32 r                   0.88
  n6001 (net)                    1                   0.00     210.32 r                   
  U6940/ZN (AOI21_X2)                      6.50      5.06 *   215.38 f                   0.88
  n6007 (net)                    3                   0.00     215.38 f                   
  U5172/ZN (INV_X1)                        2.87      3.40 *   218.77 r                   0.88
  n11556 (net)                   1                   0.00     218.77 r                   
  U5201/ZN (AOI21_X1)                      5.36      3.59 *   222.36 f                   0.88
  n6018 (net)                    2                   0.00     222.36 f                   
  U5256/ZN (OAI21_X1)                      7.79      5.44 *   227.80 r                   0.88
  n6027 (net)                    2                   0.00     227.80 r                   
  U7336/ZN (AOI21_X1)                      9.54      6.63 *   234.43 f                   0.88
  n6031 (net)                    3                   0.00     234.43 f                   
  U6143/ZN (OAI21_X1)                      5.96      4.91 *   239.34 r                   0.88
  n6064 (net)                    1                   0.00     239.34 r                   
  U6976/CO (FA_X1)                         4.04      9.15 *   248.49 r                   0.88
  n6223 (net)                    1                   0.00     248.49 r                   
  U7272/S (FA_X1)                          6.51     14.79 *   263.27 f                   0.88
  n6221 (net)                    2                   0.00     263.27 f                   
  U5288/ZN (NAND2_X1)                      5.00      4.27 *   267.55 r                   0.88
  n11577 (net)                   2                   0.00     267.55 r                   
  U6319/Z (XOR2_X1)                        7.31      6.55 *   274.10 r                   0.88
  n8792 (net)                    2                   0.00     274.10 r                   
  U7302/ZN (AOI21_X1)                     20.15      4.82 *   278.92 f                   0.88
  n6863 (net)                    2                   0.00     278.92 f                   
  U8250/ZN (NAND2_X1)                      7.84      6.10 *   285.01 r                   0.88
  n11475 (net)                   2                   0.00     285.01 r                   
  U6623/ZN (NAND4_X1)                     10.51      6.03 *   291.04 f                   0.88
  n11584 (net)                   1                   0.00     291.04 f                   
  U6114/ZN (AOI21_X1)                      6.02      4.75 *   295.79 r                   0.88
  n11572 (net)                   1                   0.00     295.79 r                   
  U5490/ZN (NOR2_X1)                       5.05      4.05 *   299.84 f                   0.88
  HTRANS[1] (net)                1                   0.00     299.84 f                   
  HTRANS[1] (out)                          5.05      0.57 *   300.41 f                   
  data arrival time                                           300.41                     

  clock HCLK (rise edge)                           500.00     500.00                     
  clock network delay (ideal)                        0.00     500.00                     
  clock uncertainty                                 -0.05     499.95                     
  output external delay                           -120.00     379.95                     
  data required time                                          379.95                     
  ----------------------------------------------------------------------------------------------------
  data required time                                          379.95                     
  data arrival time                                          -300.41                     
  ----------------------------------------------------------------------------------------------------
  slack (MET)                                                  79.54                     


1
