 Info: Initializing timer in CLOCK_SYN_REPORT_MODE
Warning: The scenario mode_norm.fast.RCmin has max transition DRC fixing disabled using the set_scenario_status command.  High DRC count may be expected.
Warning: The scenario mode_norm.fast.RCmin has max capacitance DRC fixing disabled using the set_scenario_status command.  High DRC count may be expected.
****************************************
Report : clock qor
        -type summary
        -nosplit
Design : MulDiv
Version: P-2019.03-SP1
Date   : Sat Oct  5 20:05:14 2019
****************************************

Attributes
===========
M Master Clock
G Generated Clock
& Internal Generated Clock
U User Defined Skew Group
D Default Skew Group
* Generated Clock Balanced Separately

===========================================================
==== Summary Reporting for Corner mode_norm.fast.RCmin ====
===========================================================

========================================== Summary Table for Corner mode_norm.fast.RCmin ===========================================
Clock /                               Attrs     Sinks Levels    Clock     Clock     Clock       Max    Global  Trans DRC  Cap DRC
Skew Group                                                   Repeater  Repeater   Stdcell   Latency      Skew     Count     Count
                                                                Count      Area      Area
------------------------------------------------------------------------------------------------------------------------------------
### Mode: mode_norm.fast.RCmin, Scenario: mode_norm.fast.RCmin
clock                                   M,D       214     16       69     24.87     29.05      0.00      0.00         0         0
------------------------------------------------------------------------------------------------------------------------------------
All Clocks                                        214     16       69     24.87     29.05      0.00      0.00         0         0


Warning: The scenario mode_norm.fast.RCmin_bc has max transition DRC fixing disabled using the set_scenario_status command.  High DRC count may be expected.
Warning: The scenario mode_norm.fast.RCmin_bc has max capacitance DRC fixing disabled using the set_scenario_status command.  High DRC count may be expected.
==============================================================
==== Summary Reporting for Corner mode_norm.fast.RCmin_bc ====
==============================================================

========================================= Summary Table for Corner mode_norm.fast.RCmin_bc =========================================
Clock /                               Attrs     Sinks Levels    Clock     Clock     Clock       Max    Global  Trans DRC  Cap DRC
Skew Group                                                   Repeater  Repeater   Stdcell   Latency      Skew     Count     Count
                                                                Count      Area      Area
------------------------------------------------------------------------------------------------------------------------------------
### Mode: mode_norm.fast.RCmin_bc, Scenario: mode_norm.fast.RCmin_bc
clock                                   M,D       214     16       69     24.87     29.05     60.29     33.38         0         0
------------------------------------------------------------------------------------------------------------------------------------
All Clocks                                        214     16       69     24.87     29.05     60.29     33.38         0         0


===========================================================
==== Summary Reporting for Corner mode_norm.slow.RCmax ====
===========================================================

========================================== Summary Table for Corner mode_norm.slow.RCmax ===========================================
Clock /                               Attrs     Sinks Levels    Clock     Clock     Clock       Max    Global  Trans DRC  Cap DRC
Skew Group                                                   Repeater  Repeater   Stdcell   Latency      Skew     Count     Count
                                                                Count      Area      Area
------------------------------------------------------------------------------------------------------------------------------------
### Mode: mode_norm.slow.RCmax, Scenario: mode_norm.slow.RCmax
clock                                   M,D       214     16       69     24.87     29.05     62.12     34.79         3         0
------------------------------------------------------------------------------------------------------------------------------------
All Clocks                                        214     16       69     24.87     29.05     62.12     34.79         3         0


================================================================
==== Summary Reporting for Corner mode_norm.worst_low.RCmax ====
================================================================

======================================== Summary Table for Corner mode_norm.worst_low.RCmax ========================================
Clock /                               Attrs     Sinks Levels    Clock     Clock     Clock       Max    Global  Trans DRC  Cap DRC
Skew Group                                                   Repeater  Repeater   Stdcell   Latency      Skew     Count     Count
                                                                Count      Area      Area
------------------------------------------------------------------------------------------------------------------------------------
### Mode: mode_norm.worst_low.RCmax, Scenario: mode_norm.worst_low.RCmax
clock                                   M,D       214     16       69     24.87     29.05     77.69     43.39         3         0
------------------------------------------------------------------------------------------------------------------------------------
All Clocks                                        214     16       69     24.87     29.05     77.69     43.39         3         0


1
